server exited early
^^^^^^^^^^^^^^^^^^^^^^^^^^^^^^^^^^^^
  File "/usr/local/lib/python3.12/dist-packages/torch/nn/modules/module.py", line 1779, in _wrapped_call_impl
    return self._call_impl(*args, **kwargs)
           ^^^^^^^^^^^^^^^^^^^^^^^^^^^^^^^^
  File "/usr/local/lib/python3.12/dist-packages/torch/nn/modules/module.py", line 1790, in _call_impl
    return forward_call(*args, **kwargs)
           ^^^^^^^^^^^^^^^^^^^^^^^^^^^^^
  File "/sgl-workspace/sglang/python/sglang/srt/layers/attention/vision.py", line 1285, in forward
    q, k = apply_qk_norm(
           ^^^^^^^^^^^^^^
  File "/sgl-workspace/sglang/python/sglang/srt/models/utils.py", line 477, in apply_qk_norm
    fused_inplace_qknorm(
  File "/usr/local/lib/python3.12/dist-packages/torch/_ops.py", line 1269, in __call__
    return self._op(*args, **kwargs)
           ^^^^^^^^^^^^^^^^^^^^^^^^^
  File "/sgl-workspace/sglang/python/sglang/jit_kernel/norm.py", line 125, in fused_inplace_qknorm
    module.qknorm(q, k, q_weight, k_weight, eps)
  File "python/tvm_ffi/cython/function.pxi", line 929, in tvm_ffi.core.Function.__call__
tvm.error.InternalError: Tensor match failed for Tensor<4096>[strides=<1>, dtype=bfloat16, device=cuda:4] at /sgl-workspace/sglang/python/sglang/jit_kernel/csrc/elementwise/qknorm.cuh:214
- Root cause: Size mismatch for shape#0('head_dim'): expected 512 but got 4096

[rank4]:[W620 01:45:10.942641882 TCPStore.cpp:106] [c10d] sendBytes failed on SocketImpl(fd=115, addr=[localhost]:48194, remote=[::ffff:0.0.0.0]:40069): Broken pipe
Exception raised from sendBytes at /pytorch/torch/csrc/distributed/c10d/Utils.hpp:653 (most recent call first):
frame #0: c10::Error::Error(c10::SourceLocation, std::__cxx11::basic_string<char, std::char_traits<char>, std::allocator<char> >) + 0x9d (0x7ff2b737305d in /usr/local/lib/python3.12/dist-packages/torch/lib/libc10.so)
frame #1: <unknown function> + 0x6a90931 (0x7ff220eb1931 in /usr/local/lib/python3.12/dist-packages/torch/lib/libtorch_cpu.so)
frame #2: c10d::TCPStore::check(std::vector<std::__cxx11::basic_string<char, std::char_traits<char>, std::allocator<char> >, std::allocator<std::__cxx11::basic_string<char, std::char_traits<char>, std::allocator<char> > > > const&) + 0x24d (0x7ff220eb03ed in /usr/local/lib/python3.12/dist-packages/torch/lib/libtorch_cpu.so)
frame #3: c10d::ProcessGroupNCCL::HeartbeatMonitor::runLoop() + 0x4a5 (0x7ff20369c8c5 in /usr/local/lib/python3.12/dist-packages/torch/lib/libtorch_cuda.so)
frame #4: <unknown function> + 0xecdb4 (0x7ff3d48f3db4 in /lib/x86_64-linux-gnu/libstdc++.so.6)
frame #5: <unknown function> + 0x9caa4 (0x7ff3d8101aa4 in /lib/x86_64-linux-gnu/libc.so.6)
frame #6: <unknown function> + 0x129c6c (0x7ff3d818ec6c in /lib/x86_64-linux-gnu/libc.so.6)

[rank4]:[W620 01:45:10.944569501 ProcessGroupNCCL.cpp:1826] [PG ID 0 PG GUID 0 Rank 4] Failed to check the "should dump" flag on TCPStore, (maybe TCPStore server has shut down too early), with error: Broken pipe
[2026-06-20 01:45:10 TP1 EP0] Scheduler hit an exception: Traceback (most recent call last):
  File "/sgl-workspace/sglang/python/sglang/srt/managers/scheduler.py", line 4186, in run_scheduler_process
    scheduler.run_event_loop()
  File "/sgl-workspace/sglang/python/sglang/srt/managers/scheduler.py", line 1470, in run_event_loop
    dispatch_event_loop(self)
  File "/sgl-workspace/sglang/python/sglang/srt/managers/scheduler.py", line 4051, in dispatch_event_loop
    scheduler.event_loop_overlap()
  File "/usr/local/lib/python3.12/dist-packages/torch/utils/_contextlib.py", line 124, in decorate_context
    return func(*args, **kwargs)
           ^^^^^^^^^^^^^^^^^^^^^
  File "/sgl-workspace/sglang/python/sglang/srt/managers/scheduler.py", line 1534, in event_loop_overlap
    batch_result = self.run_batch(batch)
                   ^^^^^^^^^^^^^^^^^^^^^
  File "/sgl-workspace/sglang/python/sglang/srt/utils/nvtx_utils.py", line 109, in wrapper
    return func(*args, **kwargs)
           ^^^^^^^^^^^^^^^^^^^^^
  File "/sgl-workspace/sglang/python/sglang/srt/managers/scheduler.py", line 3163, in run_batch
    batch_result = self.model_worker.forward_batch_generation(
                   ^^^^^^^^^^^^^^^^^^^^^^^^^^^^^^^^^^^^^^^^^^^
  File "/sgl-workspace/sglang/python/sglang/srt/managers/tp_worker.py", line 492, in forward_batch_generation
    out = self.model_runner.forward(
          ^^^^^^^^^^^^^^^^^^^^^^^^^^
  File "/sgl-workspace/sglang/python/sglang/srt/model_executor/model_runner.py", line 3639, in forward
    output = self._forward_raw(
             ^^^^^^^^^^^^^^^^^^
  File "/sgl-workspace/sglang/python/sglang/srt/model_executor/model_runner.py", line 3744, in _forward_raw
    ret, can_run_graph = self.forward_extend(
                         ^^^^^^^^^^^^^^^^^^^^
  File "/sgl-workspace/sglang/python/sglang/srt/model_executor/model_runner.py", line 3530, in forward_extend
    ret = self.model.forward(
          ^^^^^^^^^^^^^^^^^^^
  File "/usr/local/lib/python3.12/dist-packages/torch/utils/_contextlib.py", line 124, in decorate_context
    return func(*args, **kwargs)
           ^^^^^^^^^^^^^^^^^^^^^
  File "/sgl-workspace/sglang/python/sglang/srt/models/interns1.py", line 145, in forward
    hs = general_mm_embed_routine(
         ^^^^^^^^^^^^^^^^^^^^^^^^^
  File "/sgl-workspace/sglang/python/sglang/srt/managers/mm_utils.py", line 1085, in general_mm_embed_routine
    input_embeds, other_info = embed_mm_inputs(
                               ^^^^^^^^^^^^^^^^
  File "/sgl-workspace/sglang/python/sglang/srt/managers/mm_utils.py", line 855, in embed_mm_inputs
    embedding, mask, input_ids = get_embedding_and_mask(
                                 ^^^^^^^^^^^^^^^^^^^^^^^
  File "/sgl-workspace/sglang/python/sglang/srt/managers/mm_utils.py", line 762, in get_embedding_and_mask
    embedding, input_ids = _get_chunked_prefill_embedding(
                           ^^^^^^^^^^^^^^^^^^^^^^^^^^^^^^^
  File "/sgl-workspace/sglang/python/sglang/srt/managers/mm_utils.py", line 662, in _get_chunked_prefill_embedding
    chunk_embedding = _get_chunked_embedding_by_item(
                      ^^^^^^^^^^^^^^^^^^^^^^^^^^^^^^^
  File "/sgl-workspace/sglang/python/sglang/srt/managers/mm_utils.py", line 597, in _get_chunked_embedding_by_item
    all_miss_embedding = data_embedding_func(miss_item_list)
                         ^^^^^^^^^^^^^^^^^^^^^^^^^^^^^^^^^^^
  File "/sgl-workspace/sglang/python/sglang/srt/models/interns1.py", line 133, in get_image_feature
    image_features = self.extract_feature(pixel_values)
                     ^^^^^^^^^^^^^^^^^^^^^^^^^^^^^^^^^^
  File "/sgl-workspace/sglang/python/sglang/srt/models/interns1.py", line 109, in extract_feature
    vit_embeds = self.vision_model(
                 ^^^^^^^^^^^^^^^^^^
  File "/usr/local/lib/python3.12/dist-packages/torch/nn/modules/module.py", line 1779, in _wrapped_call_impl
    return self._call_impl(*args, **kwargs)
           ^^^^^^^^^^^^^^^^^^^^^^^^^^^^^^^^
  File "/usr/local/lib/python3.12/dist-packages/torch/nn/modules/module.py", line 1790, in _call_impl
    return forward_call(*args, **kwargs)
           ^^^^^^^^^^^^^^^^^^^^^^^^^^^^^
  File "/sgl-workspace/sglang/python/sglang/srt/models/internvl.py", line 465, in forward
    encoder_outputs = self.encoder(
                      ^^^^^^^^^^^^^
  File "/usr/local/lib/python3.12/dist-packages/torch/nn/modules/module.py", line 1779, in _wrapped_call_impl
    return self._call_impl(*args, **kwargs)
           ^^^^^^^^^^^^^^^^^^^^^^^^^^^^^^^^
  File "/usr/local/lib/python3.12/dist-packages/torch/nn/modules/module.py", line 1790, in _call_impl
    return forward_call(*args, **kwargs)
           ^^^^^^^^^^^^^^^^^^^^^^^^^^^^^
  File "/sgl-workspace/sglang/python/sglang/srt/models/internvl.py", line 373, in forward
    layer_outputs = encoder_layer(hidden_states, cu_seqlens=cu_seqlens)
                    ^^^^^^^^^^^^^^^^^^^^^^^^^^^^^^^^^^^^^^^^^^^^^^^^^^^
  File "/usr/local/lib/python3.12/dist-packages/torch/nn/modules/module.py", line 1779, in _wrapped_call_impl
    return self._call_impl(*args, **kwargs)
           ^^^^^^^^^^^^^^^^^^^^^^^^^^^^^^^^
  File "/usr/local/lib/python3.12/dist-packages/torch/nn/modules/module.py", line 1790, in _call_impl
    return forward_call(*args, **kwargs)
           ^^^^^^^^^^^^^^^^^^^^^^^^^^^^^
  File "/sgl-workspace/sglang/python/sglang/srt/models/internvl.py", line 274, in forward
    self.attn(
  File "/usr/local/lib/python3.12/dist-packages/torch/nn/modules/module.py", line 1779, in _wrapped_call_impl
    return self._call_impl(*args, **kwargs)
           ^^^^^^^^^^^^^^^^^^^^^^^^^^^^^^^^
  File "/usr/local/lib/python3.12/dist-packages/torch/nn/modules/module.py", line 1790, in _call_impl
    return forward_call(*args, **kwargs)
           ^^^^^^^^^^^^^^^^^^^^^^^^^^^^^
  File "/sgl-workspace/sglang/python/sglang/srt/models/internvl.py", line 91, in forward
    out = self.attn(hidden_states, cu_seqlens=cu_seqlens, output_ws=output_ws)
          ^^^^^^^^^^^^^^^^^^^^^^^^^^^^^^^^^^^^^^^^^^^^^^^^^^^^^^^^^^^^^^^^^^^^
  File "/usr/local/lib/python3.12/dist-packages/torch/nn/modules/module.py", line 1779, in _wrapped_call_impl
    return self._call_impl(*args, **kwargs)
           ^^^^^^^^^^^^^^^^^^^^^^^^^^^^^^^^
  File "/usr/local/lib/python3.12/dist-packages/torch/nn/modules/module.py", line 1790, in _call_impl
    return forward_call(*args, **kwargs)
           ^^^^^^^^^^^^^^^^^^^^^^^^^^^^^
  File "/sgl-workspace/sglang/python/sglang/srt/layers/attention/vision.py", line 1285, in forward
    q, k = apply_qk_norm(
           ^^^^^^^^^^^^^^
  File "/sgl-workspace/sglang/python/sglang/srt/models/utils.py", line 477, in apply_qk_norm
    fused_inplace_qknorm(
  File "/usr/local/lib/python3.12/dist-packages/torch/_ops.py", line 1269, in __call__
    return self._op(*args, **kwargs)
           ^^^^^^^^^^^^^^^^^^^^^^^^^
  File "/sgl-workspace/sglang/python/sglang/jit_kernel/norm.py", line 125, in fused_inplace_qknorm
    module.qknorm(q, k, q_weight, k_weight, eps)
  File "python/tvm_ffi/cython/function.pxi", line 929, in tvm_ffi.core.Function.__call__
tvm.error.InternalError: Tensor match failed for Tensor<4096>[strides=<1>, dtype=bfloat16, device=cuda:1] at /sgl-workspace/sglang/python/sglang/jit_kernel/csrc/elementwise/qknorm.cuh:214
- Root cause: Size mismatch for shape#0('head_dim'): expected 512 but got 4096

[rank2]:[W620 01:45:10.084152134 TCPStore.cpp:106] [c10d] sendBytes failed on SocketImpl(fd=115, addr=[localhost]:48222, remote=[::ffff:0.0.0.0]:40069): Broken pipe
Exception raised from sendBytes at /pytorch/torch/csrc/distributed/c10d/Utils.hpp:653 (most recent call first):
frame #0: c10::Error::Error(c10::SourceLocation, std::__cxx11::basic_string<char, std::char_traits<char>, std::allocator<char> >) + 0x9d (0x7fa4d337305d in /usr/local/lib/python3.12/dist-packages/torch/lib/libc10.so)
frame #1: <unknown function> + 0x6a90931 (0x7fa43d2b1931 in /usr/local/lib/python3.12/dist-packages/torch/lib/libtorch_cpu.so)
frame #2: c10d::TCPStore::check(std::vector<std::__cxx11::basic_string<char, std::char_traits<char>, std::allocator<char> >, std::allocator<std::__cxx11::basic_string<char, std::char_traits<char>, std::allocator<char> > > > const&) + 0x24d (0x7fa43d2b03ed in /usr/local/lib/python3.12/dist-packages/torch/lib/libtorch_cpu.so)
frame #3: c10d::ProcessGroupNCCL::HeartbeatMonitor::runLoop() + 0x4a5 (0x7fa41fa9c8c5 in /usr/local/lib/python3.12/dist-packages/torch/lib/libtorch_cuda.so)
frame #4: <unknown function> + 0xecdb4 (0x7fa5f0c1edb4 in /lib/x86_64-linux-gnu/libstdc++.so.6)
frame #5: <unknown function> + 0x9caa4 (0x7fa5f442caa4 in /lib/x86_64-linux-gnu/libc.so.6)
frame #6: <unknown function> + 0x129c6c (0x7fa5f44b9c6c in /lib/x86_64-linux-gnu/libc.so.6)

[rank2]:[W620 01:45:10.085880026 ProcessGroupNCCL.cpp:1826] [PG ID 0 PG GUID 0 Rank 2] Failed to check the "should dump" flag on TCPStore, (maybe TCPStore server has shut down too early), with error: Broken pipe
[rank1]:[W620 01:45:10.098096801 TCPStore.cpp:106] [c10d] sendBytes failed on SocketImpl(fd=115, addr=[localhost]:48216, remote=[::ffff:0.0.0.0]:40069): Broken pipe
Exception raised from sendBytes at /pytorch/torch/csrc/distributed/c10d/Utils.hpp:653 (most recent call first):
frame #0: c10::Error::Error(c10::SourceLocation, std::__cxx11::basic_string<char, std::char_traits<char>, std::allocator<char> >) + 0x9d (0x7ff650d7305d in /usr/local/lib/python3.12/dist-packages/torch/lib/libc10.so)
frame #1: <unknown function> + 0x6a90931 (0x7ff5ba8b1931 in /usr/local/lib/python3.12/dist-packages/torch/lib/libtorch_cpu.so)
frame #2: c10d::TCPStore::check(std::vector<std::__cxx11::basic_string<char, std::char_traits<char>, std::allocator<char> >, std::allocator<std::__cxx11::basic_string<char, std::char_traits<char>, std::allocator<char> > > > const&) + 0x24d (0x7ff5ba8b03ed in /usr/local/lib/python3.12/dist-packages/torch/lib/libtorch_cpu.so)
frame #3: c10d::ProcessGroupNCCL::HeartbeatMonitor::runLoop() + 0x4a5 (0x7ff59d09c8c5 in /usr/local/lib/python3.12/dist-packages/torch/lib/libtorch_cuda.so)
frame #4: <unknown function> + 0xecdb4 (0x7ff76e36bdb4 in /lib/x86_64-linux-gnu/libstdc++.so.6)
frame #5: <unknown function> + 0x9caa4 (0x7ff771b79aa4 in /lib/x86_64-linux-gnu/libc.so.6)
frame #6: <unknown function> + 0x129c6c (0x7ff771c06c6c in /lib/x86_64-linux-gnu/libc.so.6)

[rank1]:[W620 01:45:10.099708735 ProcessGroupNCCL.cpp:1826] [PG ID 0 PG GUID 0 Rank 1] Failed to check the "should dump" flag on TCPStore, (maybe TCPStore server has shut down too early), with error: Broken pipe
[rank3]:[W620 01:45:10.188168588 TCPStore.cpp:106] [c10d] sendBytes failed on SocketImpl(fd=115, addr=[localhost]:48226, remote=[::ffff:0.0.0.0]:40069): Broken pipe
Exception raised from sendBytes at /pytorch/torch/csrc/distributed/c10d/Utils.hpp:653 (most recent call first):
frame #0: c10::Error::Error(c10::SourceLocation, std::__cxx11::basic_string<char, std::char_traits<char>, std::allocator<char> >) + 0x9d (0x7f8b3f17305d in /usr/local/lib/python3.12/dist-packages/torch/lib/libc10.so)
frame #1: <unknown function> + 0x6a90931 (0x7f8aa8cb1931 in /usr/local/lib/python3.12/dist-packages/torch/lib/libtorch_cpu.so)
frame #2: c10d::TCPStore::check(std::vector<std::__cxx11::basic_string<char, std::char_traits<char>, std::allocator<char> >, std::allocator<std::__cxx11::basic_string<char, std::char_traits<char>, std::allocator<char> > > > const&) + 0x24d (0x7f8aa8cb03ed in /usr/local/lib/python3.12/dist-packages/torch/lib/libtorch_cpu.so)
frame #3: c10d::ProcessGroupNCCL::HeartbeatMonitor::runLoop() + 0x4a5 (0x7f8a8b49c8c5 in /usr/local/lib/python3.12/dist-packages/torch/lib/libtorch_cuda.so)
frame #4: <unknown function> + 0xecdb4 (0x7f8c5c7a7db4 in /lib/x86_64-linux-gnu/libstdc++.so.6)
frame #5: <unknown function> + 0x9caa4 (0x7f8c5ffb5aa4 in /lib/x86_64-linux-gnu/libc.so.6)
frame #6: <unknown function> + 0x129c6c (0x7f8c60042c6c in /lib/x86_64-linux-gnu/libc.so.6)

[rank3]:[W620 01:45:10.189803873 ProcessGroupNCCL.cpp:1826] [PG ID 0 PG GUID 0 Rank 3] Failed to check the "should dump" flag on TCPStore, (maybe TCPStore server has shut down too early), with error: Broken pipe
[rank5]:[W620 01:45:10.336912712 TCPStore.cpp:106] [c10d] sendBytes failed on SocketImpl(fd=115, addr=[localhost]:48200, remote=[::ffff:0.0.0.0]:40069): Broken pipe
Exception raised from sendBytes at /pytorch/torch/csrc/distributed/c10d/Utils.hpp:653 (most recent call first):
frame #0: c10::Error::Error(c10::SourceLocation, std::__cxx11::basic_string<char, std::char_traits<char>, std::allocator<char> >) + 0x9d (0x7f2fe7b7305d in /usr/local/lib/python3.12/dist-packages/torch/lib/libc10.so)
frame #1: <unknown function> + 0x6a90931 (0x7f2f51ab1931 in /usr/local/lib/python3.12/dist-packages/torch/lib/libtorch_cpu.so)
frame #2: c10d::TCPStore::check(std::vector<std::__cxx11::basic_string<char, std::char_traits<char>, std::allocator<char> >, std::allocator<std::__cxx11::basic_string<char, std::char_traits<char>, std::allocator<char> > > > const&) + 0x24d (0x7f2f51ab03ed in /usr/local/lib/python3.12/dist-packages/torch/lib/libtorch_cpu.so)
frame #3: c10d::ProcessGroupNCCL::HeartbeatMonitor::runLoop() + 0x4a5 (0x7f2f3429c8c5 in /usr/local/lib/python3.12/dist-packages/torch/lib/libtorch_cuda.so)
frame #4: <unknown function> + 0xecdb4 (0x7f310544edb4 in /lib/x86_64-linux-gnu/libstdc++.so.6)
frame #5: <unknown function> + 0x9caa4 (0x7f3108c5caa4 in /lib/x86_64-linux-gnu/libc.so.6)
frame #6: <unknown function> + 0x129c6c (0x7f3108ce9c6c in /lib/x86_64-linux-gnu/libc.so.6)

[rank5]:[W620 01:45:10.338689087 ProcessGroupNCCL.cpp:1826] [PG ID 0 PG GUID 0 Rank 5] Failed to check the "should dump" flag on TCPStore, (maybe TCPStore server has shut down too early), with error: Broken pipe
[rank6]:[W620 01:45:11.645700644 TCPStore.cpp:106] [c10d] sendBytes failed on SocketImpl(fd=115, addr=[localhost]:48172, remote=[::ffff:0.0.0.0]:40069): Broken pipe
Exception raised from sendBytes at /pytorch/torch/csrc/distributed/c10d/Utils.hpp:653 (most recent call first):
frame #0: c10::Error::Error(c10::SourceLocation, std::__cxx11::basic_string<char, std::char_traits<char>, std::allocator<char> >) + 0x9d (0x7fb15b57305d in /usr/local/lib/python3.12/dist-packages/torch/lib/libc10.so)
frame #1: <unknown function> + 0x6a90931 (0x7fb0c50b1931 in /usr/local/lib/python3.12/dist-packages/torch/lib/libtorch_cpu.so)
frame #2: c10d::TCPStore::check(std::vector<std::__cxx11::basic_string<char, std::char_traits<char>, std::allocator<char> >, std::allocator<std::__cxx11::basic_string<char, std::char_traits<char>, std::allocator<char> > > > const&) + 0x24d (0x7fb0c50b03ed in /usr/local/lib/python3.12/dist-packages/torch/lib/libtorch_cpu.so)
frame #3: c10d::ProcessGroupNCCL::HeartbeatMonitor::runLoop() + 0x4a5 (0x7fb0a789c8c5 in /usr/local/lib/python3.12/dist-packages/torch/lib/libtorch_cuda.so)
frame #4: <unknown function> + 0xecdb4 (0x7fb278b35db4 in /lib/x86_64-linux-gnu/libstdc++.so.6)
frame #5: <unknown function> + 0x9caa4 (0x7fb27c343aa4 in /lib/x86_64-linux-gnu/libc.so.6)
frame #6: <unknown function> + 0x129c6c (0x7fb27c3d0c6c in /lib/x86_64-linux-gnu/libc.so.6)

[rank6]:[W620 01:45:11.647561410 ProcessGroupNCCL.cpp:1826] [PG ID 0 PG GUID 0 Rank 6] Failed to check the "should dump" flag on TCPStore, (maybe TCPStore server has shut down too early), with error: Broken pipe
[rank4]:[W620 01:45:11.944692951 TCPStore.cpp:106] [c10d] sendBytes failed on SocketImpl(fd=115, addr=[localhost]:48194, remote=[::ffff:0.0.0.0]:40069): Broken pipe
Exception raised from sendBytes at /pytorch/torch/csrc/distributed/c10d/Utils.hpp:653 (most recent call first):
frame #0: c10::Error::Error(c10::SourceLocation, std::__cxx11::basic_string<char, std::char_traits<char>, std::allocator<char> >) + 0x9d (0x7ff2b737305d in /usr/local/lib/python3.12/dist-packages/torch/lib/libc10.so)
frame #1: <unknown function> + 0x6a90931 (0x7ff220eb1931 in /usr/local/lib/python3.12/dist-packages/torch/lib/libtorch_cpu.so)
frame #2: c10d::TCPStore::check(std::vector<std::__cxx11::basic_string<char, std::char_traits<char>, std::allocator<char> >, std::allocator<std::__cxx11::basic_string<char, std::char_traits<char>, std::allocator<char> > > > const&) + 0x24d (0x7ff220eb03ed in /usr/local/lib/python3.12/dist-packages/torch/lib/libtorch_cpu.so)
frame #3: c10d::ProcessGroupNCCL::HeartbeatMonitor::runLoop() + 0x4a5 (0x7ff20369c8c5 in /usr/local/lib/python3.12/dist-packages/torch/lib/libtorch_cuda.so)
frame #4: <unknown function> + 0xecdb4 (0x7ff3d48f3db4 in /lib/x86_64-linux-gnu/libstdc++.so.6)
frame #5: <unknown function> + 0x9caa4 (0x7ff3d8101aa4 in /lib/x86_64-linux-gnu/libc.so.6)
frame #6: <unknown function> + 0x129c6c (0x7ff3d818ec6c in /lib/x86_64-linux-gnu/libc.so.6)

[rank4]:[W620 01:45:11.946445686 ProcessGroupNCCL.cpp:1826] [PG ID 0 PG GUID 0 Rank 4] Failed to check the "should dump" flag on TCPStore, (maybe TCPStore server has shut down too early), with error: Broken pipe
[2026-06-20 01:45:50] kill_process_tree called: parent_pid=1155, include_parent=True, pid=1155

scripts/run_serving_kernel_profile.sh: line 59:  1155 Killed                  "${SERVER_ARGS[@]}" > "${SERVER_LOG}" 2>&1
