server exited early
m=51.06 GB):  10%|▉         | 5/52 [01:10<04:58,  6.35s/it]
Capturing batches (bs=432 avail_mem=51.06 GB):  10%|▉         | 5/52 [01:10<04:58,  6.35s/it]
Capturing batches (bs=432 avail_mem=51.06 GB):  12%|█▏        | 6/52 [01:11<03:18,  4.32s/it]
Capturing batches (bs=416 avail_mem=51.05 GB):  12%|█▏        | 6/52 [01:11<03:18,  4.32s/it]
Capturing batches (bs=416 avail_mem=51.05 GB):  13%|█▎        | 7/52 [01:11<02:16,  3.03s/it]
Capturing batches (bs=400 avail_mem=51.04 GB):  13%|█▎        | 7/52 [01:11<02:16,  3.03s/it]
Capturing batches (bs=400 avail_mem=51.04 GB):  15%|█▌        | 8/52 [01:11<01:35,  2.18s/it]
Capturing batches (bs=384 avail_mem=51.03 GB):  15%|█▌        | 8/52 [01:11<01:35,  2.18s/it]
Capturing batches (bs=384 avail_mem=51.03 GB):  17%|█▋        | 9/52 [01:13<01:25,  2.00s/it]
Capturing batches (bs=368 avail_mem=51.03 GB):  17%|█▋        | 9/52 [01:13<01:25,  2.00s/it]
Capturing batches (bs=368 avail_mem=51.03 GB):  19%|█▉        | 10/52 [01:13<01:02,  1.49s/it]
Capturing batches (bs=352 avail_mem=51.02 GB):  19%|█▉        | 10/52 [01:13<01:02,  1.49s/it]
Capturing batches (bs=352 avail_mem=51.02 GB):  21%|██        | 11/52 [01:14<00:47,  1.15s/it]
Capturing batches (bs=336 avail_mem=51.01 GB):  21%|██        | 11/52 [01:14<00:47,  1.15s/it]
Capturing batches (bs=336 avail_mem=51.01 GB):  23%|██▎       | 12/52 [01:14<00:36,  1.10it/s]
Capturing batches (bs=320 avail_mem=51.00 GB):  23%|██▎       | 12/52 [01:14<00:36,  1.10it/s]
Capturing batches (bs=320 avail_mem=51.00 GB):  25%|██▌       | 13/52 [01:14<00:29,  1.33it/s]
Capturing batches (bs=304 avail_mem=51.00 GB):  25%|██▌       | 13/52 [01:14<00:29,  1.33it/s]
Capturing batches (bs=304 avail_mem=51.00 GB):  27%|██▋       | 14/52 [01:15<00:24,  1.58it/s]
Capturing batches (bs=288 avail_mem=50.99 GB):  27%|██▋       | 14/52 [01:15<00:24,  1.58it/s]
Capturing batches (bs=288 avail_mem=50.99 GB):  29%|██▉       | 15/52 [01:15<00:20,  1.81it/s]
Capturing batches (bs=272 avail_mem=50.98 GB):  29%|██▉       | 15/52 [01:15<00:20,  1.81it/s]
Capturing batches (bs=272 avail_mem=50.98 GB):  31%|███       | 16/52 [01:15<00:17,  2.02it/s]
Capturing batches (bs=256 avail_mem=50.97 GB):  31%|███       | 16/52 [01:15<00:17,  2.02it/s]
Capturing batches (bs=256 avail_mem=50.97 GB):  33%|███▎      | 17/52 [01:32<03:02,  5.22s/it]
Capturing batches (bs=248 avail_mem=50.97 GB):  33%|███▎      | 17/52 [01:32<03:02,  5.22s/it]
Capturing batches (bs=248 avail_mem=50.97 GB):  35%|███▍      | 18/52 [01:33<02:20,  4.13s/it]
Capturing batches (bs=240 avail_mem=50.96 GB):  35%|███▍      | 18/52 [01:33<02:20,  4.13s/it]
Capturing batches (bs=240 avail_mem=50.96 GB):  37%|███▋      | 19/52 [01:34<01:38,  3.00s/it]
Capturing batches (bs=232 avail_mem=50.95 GB):  37%|███▋      | 19/52 [01:34<01:38,  3.00s/it]
Capturing batches (bs=232 avail_mem=50.95 GB):  38%|███▊      | 20/52 [01:34<01:10,  2.21s/it]
Capturing batches (bs=224 avail_mem=50.95 GB):  38%|███▊      | 20/52 [01:34<01:10,  2.21s/it]
Capturing batches (bs=224 avail_mem=50.95 GB):  40%|████      | 21/52 [01:34<00:51,  1.65s/it]
Capturing batches (bs=216 avail_mem=50.94 GB):  40%|████      | 21/52 [01:34<00:51,  1.65s/it]
Capturing batches (bs=216 avail_mem=50.94 GB):  42%|████▏     | 22/52 [01:35<00:37,  1.26s/it]
Capturing batches (bs=208 avail_mem=50.93 GB):  42%|████▏     | 22/52 [01:35<00:37,  1.26s/it]
Capturing batches (bs=208 avail_mem=50.93 GB):  44%|████▍     | 23/52 [01:35<00:28,  1.01it/s]
Capturing batches (bs=200 avail_mem=50.92 GB):  44%|████▍     | 23/52 [01:35<00:28,  1.01it/s]
Capturing batches (bs=200 avail_mem=50.92 GB):  46%|████▌     | 24/52 [01:35<00:23,  1.22it/s]
Capturing batches (bs=192 avail_mem=50.92 GB):  46%|████▌     | 24/52 [01:35<00:23,  1.22it/s]
Capturing batches (bs=192 avail_mem=50.92 GB):  48%|████▊     | 25/52 [01:36<00:18,  1.42it/s]
Capturing batches (bs=184 avail_mem=50.91 GB):  48%|████▊     | 25/52 [01:36<00:18,  1.42it/s]
Capturing batches (bs=184 avail_mem=50.91 GB):  50%|█████     | 26/52 [01:36<00:15,  1.67it/s]
Capturing batches (bs=176 avail_mem=50.90 GB):  50%|█████     | 26/52 [01:36<00:15,  1.67it/s]
Capturing batches (bs=176 avail_mem=50.90 GB):  52%|█████▏    | 27/52 [01:37<00:13,  1.90it/s]
Capturing batches (bs=168 avail_mem=50.89 GB):  52%|█████▏    | 27/52 [01:37<00:13,  1.90it/s]
Capturing batches (bs=168 avail_mem=50.89 GB):  54%|█████▍    | 28/52 [01:37<00:11,  2.11it/s]
Capturing batches (bs=160 avail_mem=50.89 GB):  54%|█████▍    | 28/52 [01:37<00:11,  2.11it/s]
Capturing batches (bs=160 avail_mem=50.89 GB):  56%|█████▌    | 29/52 [01:37<00:10,  2.28it/s]
Capturing batches (bs=152 avail_mem=50.88 GB):  56%|█████▌    | 29/52 [01:37<00:10,  2.28it/s]
Capturing batches (bs=152 avail_mem=50.88 GB):  58%|█████▊    | 30/52 [01:38<00:09,  2.43it/s]
Capturing batches (bs=144 avail_mem=50.87 GB):  58%|█████▊    | 30/52 [01:38<00:09,  2.43it/s]
Capturing batches (bs=144 avail_mem=50.87 GB):  60%|█████▉    | 31/52 [01:38<00:08,  2.53it/s]
Capturing batches (bs=136 avail_mem=50.87 GB):  60%|█████▉    | 31/52 [01:38<00:08,  2.53it/s]
Capturing batches (bs=136 avail_mem=50.87 GB):  62%|██████▏   | 32/52 [01:38<00:07,  2.61it/s]
Capturing batches (bs=128 avail_mem=50.86 GB):  62%|██████▏   | 32/52 [01:38<00:07,  2.61it/s]
Capturing batches (bs=128 avail_mem=50.86 GB):  63%|██████▎   | 33/52 [01:55<01:37,  5.16s/it]
Capturing batches (bs=120 avail_mem=50.85 GB):  63%|██████▎   | 33/52 [01:55<01:37,  5.16s/it]
Capturing batches (bs=120 avail_mem=50.85 GB):  65%|██████▌   | 34/52 [01:56<01:10,  3.94s/it]
Capturing batches (bs=112 avail_mem=50.85 GB):  65%|██████▌   | 34/52 [01:56<01:10,  3.94s/it]
Capturing batches (bs=112 avail_mem=50.85 GB):  67%|██████▋   | 35/52 [01:56<00:48,  2.86s/it]
Capturing batches (bs=104 avail_mem=50.84 GB):  67%|██████▋   | 35/52 [01:56<00:48,  2.86s/it]
Capturing batches (bs=104 avail_mem=50.84 GB):  69%|██████▉   | 36/52 [01:57<00:33,  2.11s/it]
Capturing batches (bs=96 avail_mem=50.83 GB):  69%|██████▉   | 36/52 [01:57<00:33,  2.11s/it] 
Capturing batches (bs=96 avail_mem=50.83 GB):  71%|███████   | 37/52 [01:57<00:24,  1.60s/it]
Capturing batches (bs=88 avail_mem=50.82 GB):  71%|███████   | 37/52 [01:57<00:24,  1.60s/it]
Capturing batches (bs=88 avail_mem=50.82 GB):  73%|███████▎  | 38/52 [01:57<00:17,  1.25s/it]
Capturing batches (bs=80 avail_mem=50.81 GB):  73%|███████▎  | 38/52 [01:57<00:17,  1.25s/it]
Capturing batches (bs=80 avail_mem=50.81 GB):  75%|███████▌  | 39/52 [01:58<00:12,  1.02it/s]
Capturing batches (bs=72 avail_mem=50.81 GB):  75%|███████▌  | 39/52 [01:58<00:12,  1.02it/s]
Capturing batches (bs=72 avail_mem=50.81 GB):  77%|███████▋  | 40/52 [01:58<00:09,  1.26it/s]
Capturing batches (bs=64 avail_mem=50.80 GB):  77%|███████▋  | 40/52 [01:58<00:09,  1.26it/s]
Capturing batches (bs=64 avail_mem=50.80 GB):  79%|███████▉  | 41/52 [02:13<00:55,  5.09s/it]
Capturing batches (bs=56 avail_mem=50.79 GB):  79%|███████▉  | 41/52 [02:13<00:55,  5.09s/it]
Capturing batches (bs=56 avail_mem=50.79 GB):  81%|████████  | 42/52 [02:19<00:54,  5.40s/it]
Capturing batches (bs=48 avail_mem=50.78 GB):  81%|████████  | 42/52 [02:19<00:54,  5.40s/it]
Capturing batches (bs=48 avail_mem=50.78 GB):  83%|████████▎ | 43/52 [02:20<00:35,  3.91s/it]
Capturing batches (bs=40 avail_mem=50.78 GB):  83%|████████▎ | 43/52 [02:20<00:35,  3.91s/it]
Capturing batches (bs=40 avail_mem=50.78 GB):  85%|████████▍ | 44/52 [02:20<00:22,  2.86s/it]
Capturing batches (bs=32 avail_mem=50.77 GB):  85%|████████▍ | 44/52 [02:20<00:22,  2.86s/it]
Capturing batches (bs=32 avail_mem=50.77 GB):  87%|████████▋ | 45/52 [02:37<00:49,  7.04s/it]
Capturing batches (bs=24 avail_mem=50.76 GB):  87%|████████▋ | 45/52 [02:37<00:49,  7.04s/it]
Capturing batches (bs=24 avail_mem=50.76 GB):  88%|████████▊ | 46/52 [02:38<00:31,  5.27s/it]
Capturing batches (bs=16 avail_mem=50.75 GB):  88%|████████▊ | 46/52 [02:38<00:31,  5.27s/it]
Capturing batches (bs=16 avail_mem=50.75 GB):  90%|█████████ | 47/52 [02:55<00:44,  8.90s/it]
Capturing batches (bs=12 avail_mem=50.75 GB):  90%|█████████ | 47/52 [02:55<00:44,  8.90s/it]
Capturing batches (bs=12 avail_mem=50.75 GB):  92%|█████████▏| 48/52 [02:57<00:26,  6.56s/it]
Capturing batches (bs=8 avail_mem=50.74 GB):  92%|█████████▏| 48/52 [02:57<00:26,  6.56s/it] 
Capturing batches (bs=8 avail_mem=50.74 GB):  94%|█████████▍| 49/52 [03:14<00:29,  9.85s/it]
Capturing batches (bs=4 avail_mem=50.73 GB):  94%|█████████▍| 49/52 [03:14<00:29,  9.85s/it]
Capturing batches (bs=4 avail_mem=50.73 GB):  96%|█████████▌| 50/52 [03:32<00:24, 12.23s/it]
Capturing batches (bs=2 avail_mem=50.72 GB):  96%|█████████▌| 50/52 [03:32<00:24, 12.23s/it]
Capturing batches (bs=2 avail_mem=50.72 GB):  98%|█████████▊| 51/52 [03:47<00:13, 13.05s/it]
Capturing batches (bs=1 avail_mem=50.71 GB):  98%|█████████▊| 51/52 [03:47<00:13, 13.05s/it]
Capturing batches (bs=1 avail_mem=50.71 GB): 100%|██████████| 52/52 [04:04<00:00, 14.19s/it]
Capturing batches (bs=1 avail_mem=50.71 GB): 100%|██████████| 52/52 [04:04<00:00,  4.70s/it]
[2026-06-19 07:52:35 TP0] Registering 4961 cuda graph addresses
[2026-06-19 07:52:36 TP7] Capture cuda graph end. Time elapsed: 245.19 s. mem usage=2.80 GB. avail mem=50.95 GB.
[2026-06-19 07:52:36 TP7] Capture piecewise CUDA graph begin. avail mem=50.95 GB
[2026-06-19 07:52:36 TP5] Capture cuda graph end. Time elapsed: 245.19 s. mem usage=2.80 GB. avail mem=50.64 GB.
[2026-06-19 07:52:36 TP5] Capture piecewise CUDA graph begin. avail mem=50.64 GB
[2026-06-19 07:52:36 TP4] Capture cuda graph end. Time elapsed: 245.19 s. mem usage=2.80 GB. avail mem=50.64 GB.
[2026-06-19 07:52:36 TP4] Capture piecewise CUDA graph begin. avail mem=50.64 GB
[2026-06-19 07:52:36 TP6] Capture cuda graph end. Time elapsed: 245.20 s. mem usage=2.80 GB. avail mem=50.64 GB.
[2026-06-19 07:52:36 TP6] Capture piecewise CUDA graph begin. avail mem=50.64 GB
[2026-06-19 07:52:36 TP2] Capture cuda graph end. Time elapsed: 245.20 s. mem usage=2.80 GB. avail mem=50.64 GB.
[2026-06-19 07:52:36 TP3] Capture cuda graph end. Time elapsed: 245.20 s. mem usage=2.80 GB. avail mem=50.64 GB.
[2026-06-19 07:52:36 TP3] Capture piecewise CUDA graph begin. avail mem=50.64 GB
[2026-06-19 07:52:36 TP2] Capture piecewise CUDA graph begin. avail mem=50.64 GB
[2026-06-19 07:52:36 TP0] Capture cuda graph end. Time elapsed: 245.21 s. mem usage=2.80 GB. avail mem=50.70 GB.
[2026-06-19 07:52:36 TP0] Capture piecewise CUDA graph begin. avail mem=50.70 GB
[2026-06-19 07:52:36 TP0] Capture cuda graph num tokens [4, 8, 12, 16, 20, 24, 28, 32, 48, 64, 80, 96, 112, 128, 144, 160, 176, 192, 208, 224, 240, 256, 288, 320, 352, 384, 416, 448, 480, 512, 576, 640, 704, 768, 832, 896, 960, 1024, 1280, 1536, 1792, 2048, 2304, 2560, 2816, 3072, 3328, 3584, 3840, 4096, 4608, 5120, 5632, 6144, 6656, 7168, 7680, 8192]
[2026-06-19 07:52:36 TP1] Capture cuda graph end. Time elapsed: 245.22 s. mem usage=2.80 GB. avail mem=50.64 GB.
[2026-06-19 07:52:36 TP1] Capture piecewise CUDA graph begin. avail mem=50.64 GB
[2026-06-19 07:52:58 TP5] JIT compiling FMHA plan module
[2026-06-19 07:52:58 TP6] JIT compiling FMHA plan module
[2026-06-19 07:52:58 TP4] JIT compiling FMHA plan module
[2026-06-19 07:52:59 TP7] JIT compiling FMHA plan module
[2026-06-19 07:52:59 TP1] JIT compiling FMHA plan module
[2026-06-19 07:52:59 TP2] JIT compiling FMHA plan module
[2026-06-19 07:52:59 TP3] JIT compiling FMHA plan module
[2026-06-19 07:52:59 TP0] JIT compiling FMHA plan module
[2026-06-19 07:53:08 TP5] JIT compiling FMHA variant: 0_0_0_0_1_1_4
[2026-06-19 07:53:08 TP6] Piecewise CUDA Graph failed with error: Module has no function 'plan'
Piecewise CUDA Graph capture failed.
To work around this error, add --cuda-graph-backend-prefill=disabled to your launch command.
Please report this issue at https://github.com/sgl-project/sglang/issues/new/choose
[2026-06-19 07:53:08 TP6] Scheduler hit an exception: Traceback (most recent call last):
  File "/usr/local/lib/python3.12/dist-packages/tvm_ffi/module.py", line 164, in __getattr__
    func = self.get_function(name)
           ^^^^^^^^^^^^^^^^^^^^^^^
  File "/usr/local/lib/python3.12/dist-packages/tvm_ffi/module.py", line 189, in get_function
    raise AttributeError(f"Module has no function '{name}'")
AttributeError: Module has no function 'plan'

During handling of the above exception, another exception occurred:

Traceback (most recent call last):
  File "/sgl-workspace/sglang/python/sglang/srt/managers/scheduler.py", line 4112, in run_scheduler_process
    scheduler = Scheduler(
                ^^^^^^^^^^
  File "/sgl-workspace/sglang/python/sglang/srt/managers/scheduler.py", line 432, in __init__
    self.init_model_worker()
  File "/sgl-workspace/sglang/python/sglang/srt/managers/scheduler.py", line 862, in init_model_worker
    self.init_all_backends()
  File "/sgl-workspace/sglang/python/sglang/srt/managers/scheduler.py", line 844, in init_all_backends
    self.tp_worker.init_backends()
  File "/sgl-workspace/sglang/python/sglang/srt/managers/tp_worker.py", line 337, in init_backends
    self.model_runner.init_backends(disable_cuda_graph=disable_cuda_graph)
  File "/sgl-workspace/sglang/python/sglang/srt/model_executor/model_runner.py", line 931, in init_backends
    self.init_prefill_cuda_graph()
  File "/sgl-workspace/sglang/python/sglang/srt/model_executor/model_runner.py", line 3071, in init_prefill_cuda_graph
    self.prefill_cuda_graph_runner = PrefillCudaGraphRunner(self)
                                     ^^^^^^^^^^^^^^^^^^^^^^^^^^^^
  File "/sgl-workspace/sglang/python/sglang/srt/model_executor/runner/prefill_cuda_graph_runner.py", line 206, in __init__
    self.backend = resolve_prefill_backend(self)
                   ^^^^^^^^^^^^^^^^^^^^^^^^^^^^^
  File "/sgl-workspace/sglang/python/sglang/srt/model_executor/runner_backend/utils.py", line 109, in resolve_prefill_backend
    return TcPiecewiseCudaGraphBackend(cuda_graph_runner)
           ^^^^^^^^^^^^^^^^^^^^^^^^^^^^^^^^^^^^^^^^^^^^^^
  File "/sgl-workspace/sglang/python/sglang/srt/model_executor/runner_backend/tc_piecewise_cuda_graph_backend.py", line 95, in __init__
    self._run_compile_pass(cuda_graph_runner)
  File "/sgl-workspace/sglang/python/sglang/srt/model_executor/runner_backend/tc_piecewise_cuda_graph_backend.py", line 156, in _run_compile_pass
    cuda_graph_runner._run_dummy_forward(
  File "/sgl-workspace/sglang/python/sglang/srt/model_executor/runner/prefill_cuda_graph_runner.py", line 371, in _run_dummy_forward
    self._run_forward(fb, num_tokens)
  File "/usr/local/lib/python3.12/dist-packages/torch/utils/_contextlib.py", line 124, in decorate_context
    return func(*args, **kwargs)
           ^^^^^^^^^^^^^^^^^^^^^
  File "/sgl-workspace/sglang/python/sglang/srt/model_executor/runner/prefill_cuda_graph_runner.py", line 356, in _run_forward
    return self.model_runner.model.forward(
           ^^^^^^^^^^^^^^^^^^^^^^^^^^^^^^^^
  File "/sgl-workspace/sglang/python/sglang/srt/models/minimax_m3_vl.py", line 208, in forward
    hidden_states = general_mm_embed_routine(
                    ^^^^^^^^^^^^^^^^^^^^^^^^^
  File "/sgl-workspace/sglang/python/sglang/srt/managers/mm_utils.py", line 1138, in general_mm_embed_routine
    hidden_states = language_model(
                    ^^^^^^^^^^^^^^^
  File "/usr/local/lib/python3.12/dist-packages/torch/nn/modules/module.py", line 1779, in _wrapped_call_impl
    return self._call_impl(*args, **kwargs)
           ^^^^^^^^^^^^^^^^^^^^^^^^^^^^^^^^
  File "/usr/local/lib/python3.12/dist-packages/torch/nn/modules/module.py", line 1790, in _call_impl
    return forward_call(*args, **kwargs)
           ^^^^^^^^^^^^^^^^^^^^^^^^^^^^^
  File "/sgl-workspace/sglang/python/sglang/srt/models/minimax_m3.py", line 1592, in forward
    hidden_states, residual = layer(
                              ^^^^^^
  File "/usr/local/lib/python3.12/dist-packages/torch/nn/modules/module.py", line 1779, in _wrapped_call_impl
    return self._call_impl(*args, **kwargs)
           ^^^^^^^^^^^^^^^^^^^^^^^^^^^^^^^^
  File "/usr/local/lib/python3.12/dist-packages/torch/nn/modules/module.py", line 1790, in _call_impl
    return forward_call(*args, **kwargs)
           ^^^^^^^^^^^^^^^^^^^^^^^^^^^^^
  File "/sgl-workspace/sglang/python/sglang/srt/models/minimax_m3.py", line 1445, in forward
    hidden_states = self.self_attn(
                    ^^^^^^^^^^^^^^^
  File "/usr/local/lib/python3.12/dist-packages/torch/nn/modules/module.py", line 1779, in _wrapped_call_impl
    return self._call_impl(*args, **kwargs)
           ^^^^^^^^^^^^^^^^^^^^^^^^^^^^^^^^
  File "/usr/local/lib/python3.12/dist-packages/torch/nn/modules/module.py", line 1790, in _call_impl
    return forward_call(*args, **kwargs)
           ^^^^^^^^^^^^^^^^^^^^^^^^^^^^^
  File "/sgl-workspace/sglang/python/sglang/srt/models/minimax_m3.py", line 1304, in forward
    return self.forward_core(s)
           ^^^^^^^^^^^^^^^^^^^^
  File "/sgl-workspace/sglang/python/sglang/srt/models/minimax_m3.py", line 1268, in forward_core
    idx_o, attn_output = self.attn(
                         ^^^^^^^^^^
  File "/usr/local/lib/python3.12/dist-packages/torch/nn/modules/module.py", line 1779, in _wrapped_call_impl
    return self._call_impl(*args, **kwargs)
           ^^^^^^^^^^^^^^^^^^^^^^^^^^^^^^^^
  File "/usr/local/lib/python3.12/dist-packages/torch/nn/modules/module.py", line 1790, in _call_impl
    return forward_call(*args, **kwargs)
           ^^^^^^^^^^^^^^^^^^^^^^^^^^^^^
  File "/sgl-workspace/sglang/python/sglang/srt/layers/radix_attention.py", line 146, in forward
    unified_sparse_attention_with_output(
  File "/usr/local/lib/python3.12/dist-packages/torch/_ops.py", line 1269, in __call__
    return self._op(*args, **kwargs)
           ^^^^^^^^^^^^^^^^^^^^^^^^^
  File "/sgl-workspace/sglang/python/sglang/srt/layers/radix_attention.py", line 321, in unified_sparse_attention_with_output
    ret_idx, ret_out = get_attn_backend().forward(
                       ^^^^^^^^^^^^^^^^^^^^^^^^^^^
  File "/sgl-workspace/sglang/python/sglang/srt/layers/attention/minimax_sparse_backend.py", line 574, in forward
    return self.sparse.forward(
           ^^^^^^^^^^^^^^^^^^^^
  File "/sgl-workspace/sglang/python/sglang/srt/layers/attention/minimax_sparse_backend.py", line 282, in forward
    return super().forward(
           ^^^^^^^^^^^^^^^^
  File "/sgl-workspace/sglang/python/sglang/srt/layers/attention/base_attn_backend.py", line 189, in forward
    return self.forward_extend(
           ^^^^^^^^^^^^^^^^^^^^
  File "/sgl-workspace/sglang/python/sglang/srt/layers/attention/minimax_sparse_backend.py", line 352, in forward_extend
    idx_o, o = minimax_sparse_prefill(
               ^^^^^^^^^^^^^^^^^^^^^^^
  File "/sgl-workspace/sglang/python/sglang/srt/layers/attention/minimax_sparse_ops/minimax_sparse.py", line 101, in minimax_sparse_prefill
    o = msa_sparse_prefill_main(
        ^^^^^^^^^^^^^^^^^^^^^^^^
  File "/sgl-workspace/sglang/python/sglang/srt/layers/attention/minimax_sparse_ops/msa.py", line 108, in msa_sparse_prefill_main
    plan = fmha_sm100_plan(
           ^^^^^^^^^^^^^^^^
  File "/opt/MSA/python/fmha_sm100/api.py", line 1024, in fmha_sm100_plan
    plan = _fmha_sm100_plan(qo_segment_lens, kv_segment_lens, *args,
          ^^^^^^^^^^^^^^^^^^^^^^^^^^^^^^^^^^^^^^^^^^^^^^^^^^^^^^^^^
  File "/opt/MSA/python/fmha_sm100/api.py", line 662, in _fmha_sm100_plan
    _call_plan(qo_segment_offsets,
  File "/opt/MSA/python/fmha_sm100/api.py", line 498, in _call_plan
    plan_module.plan(
    ^^^^^^^^^^^^^^^^
  File "/usr/local/lib/python3.12/dist-packages/tvm_ffi/module.py", line 168, in __getattr__
    raise AttributeError(f"Module has no function '{name}'")
AttributeError: Module has no function 'plan'

[2026-06-19 07:53:08] Received sigquit from a child process. It usually means the child failed.
[2026-06-19 07:53:08] kill_process_tree called: parent_pid=1291, include_parent=True, pid=1291
[2026-06-19 07:53:08 TP4] JIT compiling FMHA variant: 0_0_0_0_1_1_4

minimax_m3/b200/run_minimax_m3_mxfp8.sh: line 52:  1291 Killed                  "${SERVER_ARGS[@]}" > "${SERVER_LOG}" 2>&1
