server exited early
 124, in decorate_context
    return func(*args, **kwargs)
           ^^^^^^^^^^^^^^^^^^^^^
  File "/sgl-workspace/sglang/python/sglang/srt/models/nemotron_h.py", line 872, in forward
    hidden_states = self.model.forward(
                    ^^^^^^^^^^^^^^^^^^^
  File "/sgl-workspace/sglang/python/sglang/srt/models/nemotron_h.py", line 651, in forward
    hidden_states, residual = layer.forward(
                              ^^^^^^^^^^^^^^
  File "/sgl-workspace/sglang/python/sglang/srt/models/nemotron_h.py", line 387, in forward
    hidden_states = self.mixer.forward(hidden_states)
                    ^^^^^^^^^^^^^^^^^^^^^^^^^^^^^^^^^
  File "/sgl-workspace/sglang/python/sglang/srt/models/nemotron_h.py", line 292, in forward
    final_hidden_states, shared_output = self._forward_core(hidden_states)
                                         ^^^^^^^^^^^^^^^^^^^^^^^^^^^^^^^^^
  File "/sgl-workspace/sglang/python/sglang/srt/models/nemotron_h.py", line 238, in _forward_core
    return self._forward_core_shared_routed_overlap(hidden_states)
           ^^^^^^^^^^^^^^^^^^^^^^^^^^^^^^^^^^^^^^^^^^^^^^^^^^^^^^^
  File "/sgl-workspace/sglang/python/sglang/srt/models/nemotron_h.py", line 283, in _forward_core_shared_routed_overlap
    final_hidden_states = self.experts(hidden_states, topk_output)
                          ^^^^^^^^^^^^^^^^^^^^^^^^^^^^^^^^^^^^^^^^
  File "/usr/local/lib/python3.12/dist-packages/torch/nn/modules/module.py", line 1779, in _wrapped_call_impl
    return self._call_impl(*args, **kwargs)
           ^^^^^^^^^^^^^^^^^^^^^^^^^^^^^^^^
  File "/usr/local/lib/python3.12/dist-packages/torch/nn/modules/module.py", line 1790, in _call_impl
    return forward_call(*args, **kwargs)
           ^^^^^^^^^^^^^^^^^^^^^^^^^^^^^
  File "/sgl-workspace/sglang/python/sglang/srt/layers/moe/fused_moe_triton/layer.py", line 1089, in forward
    return self.forward_impl(hidden_states, topk_output)
           ^^^^^^^^^^^^^^^^^^^^^^^^^^^^^^^^^^^^^^^^^^^^^
  File "/sgl-workspace/sglang/python/sglang/srt/layers/moe/fused_moe_triton/layer.py", line 1099, in forward_impl
    combine_input = self.run_moe_core(
                    ^^^^^^^^^^^^^^^^^^
  File "/sgl-workspace/sglang/python/sglang/srt/layers/moe/fused_moe_triton/layer.py", line 1120, in run_moe_core
    return self.quant_method.apply(
           ^^^^^^^^^^^^^^^^^^^^^^^^
  File "/sgl-workspace/sglang/python/sglang/srt/layers/quantization/modelopt_quant.py", line 2412, in apply
    output = cutlass_moe_fp4(
             ^^^^^^^^^^^^^^^^
  File "/sgl-workspace/sglang/python/sglang/srt/layers/moe/cutlass_moe.py", line 428, in cutlass_moe_fp4
    nx2_w1 == params.intermediate_size_per_partition * 2
AssertionError: mismatch in expected `n`

[2026-06-20 07:35:21] SIGQUIT received. signum=None, frame=None. It usually means one child failed.
[2026-06-20 07:35:21] Sleeping 5 seconds before crash diagnostics to let GPU activity settle.
[2026-06-20 07:35:21 TP2] Scheduler hit an exception: Traceback (most recent call last):
  File "/sgl-workspace/sglang/python/sglang/srt/managers/scheduler.py", line 4062, in run_scheduler_process
    scheduler.run_event_loop()
  File "/sgl-workspace/sglang/python/sglang/srt/managers/scheduler.py", line 1418, in run_event_loop
    dispatch_event_loop(self)
  File "/sgl-workspace/sglang/python/sglang/srt/managers/scheduler.py", line 3927, in dispatch_event_loop
    scheduler.event_loop_overlap()
  File "/usr/local/lib/python3.12/dist-packages/torch/utils/_contextlib.py", line 124, in decorate_context
    return func(*args, **kwargs)
           ^^^^^^^^^^^^^^^^^^^^^
  File "/sgl-workspace/sglang/python/sglang/srt/managers/scheduler.py", line 1482, in event_loop_overlap
    batch_result = self.run_batch(batch)
                   ^^^^^^^^^^^^^^^^^^^^^
  File "/sgl-workspace/sglang/python/sglang/srt/managers/scheduler.py", line 3039, in run_batch
    batch_result = self.model_worker.forward_batch_generation(
                   ^^^^^^^^^^^^^^^^^^^^^^^^^^^^^^^^^^^^^^^^^^^
  File "/sgl-workspace/sglang/python/sglang/srt/managers/tp_worker.py", line 472, in forward_batch_generation
    out = self.model_runner.forward(
          ^^^^^^^^^^^^^^^^^^^^^^^^^^
  File "/sgl-workspace/sglang/python/sglang/srt/model_executor/model_runner.py", line 3454, in forward
    output = self._forward_raw(
             ^^^^^^^^^^^^^^^^^^
  File "/sgl-workspace/sglang/python/sglang/srt/model_executor/model_runner.py", line 3584, in _forward_raw
    ret, can_run_graph = self.forward_extend(
                         ^^^^^^^^^^^^^^^^^^^^
  File "/sgl-workspace/sglang/python/sglang/srt/model_executor/model_runner.py", line 3339, in forward_extend
    ret = self.model.forward(
          ^^^^^^^^^^^^^^^^^^^
  File "/usr/local/lib/python3.12/dist-packages/torch/utils/_contextlib.py", line 124, in decorate_context
    return func(*args, **kwargs)
           ^^^^^^^^^^^^^^^^^^^^^
  File "/sgl-workspace/sglang/python/sglang/srt/models/nano_nemotron_vl.py", line 334, in forward
    hidden_states = general_mm_embed_routine(
                    ^^^^^^^^^^^^^^^^^^^^^^^^^
  File "/sgl-workspace/sglang/python/sglang/srt/managers/mm_utils.py", line 1138, in general_mm_embed_routine
    hidden_states = language_model(
                    ^^^^^^^^^^^^^^^
  File "/usr/local/lib/python3.12/dist-packages/torch/nn/modules/module.py", line 1779, in _wrapped_call_impl
    return self._call_impl(*args, **kwargs)
           ^^^^^^^^^^^^^^^^^^^^^^^^^^^^^^^^
  File "/usr/local/lib/python3.12/dist-packages/torch/nn/modules/module.py", line 1790, in _call_impl
    return forward_call(*args, **kwargs)
           ^^^^^^^^^^^^^^^^^^^^^^^^^^^^^
  File "/usr/local/lib/python3.12/dist-packages/torch/utils/_contextlib.py", line 124, in decorate_context
    return func(*args, **kwargs)
           ^^^^^^^^^^^^^^^^^^^^^
  File "/sgl-workspace/sglang/python/sglang/srt/models/nemotron_h.py", line 872, in forward
    hidden_states = self.model.forward(
                    ^^^^^^^^^^^^^^^^^^^
  File "/sgl-workspace/sglang/python/sglang/srt/models/nemotron_h.py", line 651, in forward
    hidden_states, residual = layer.forward(
                              ^^^^^^^^^^^^^^
  File "/sgl-workspace/sglang/python/sglang/srt/models/nemotron_h.py", line 387, in forward
    hidden_states = self.mixer.forward(hidden_states)
                    ^^^^^^^^^^^^^^^^^^^^^^^^^^^^^^^^^
  File "/sgl-workspace/sglang/python/sglang/srt/models/nemotron_h.py", line 292, in forward
    final_hidden_states, shared_output = self._forward_core(hidden_states)
                                         ^^^^^^^^^^^^^^^^^^^^^^^^^^^^^^^^^
  File "/sgl-workspace/sglang/python/sglang/srt/models/nemotron_h.py", line 238, in _forward_core
    return self._forward_core_shared_routed_overlap(hidden_states)
           ^^^^^^^^^^^^^^^^^^^^^^^^^^^^^^^^^^^^^^^^^^^^^^^^^^^^^^^
  File "/sgl-workspace/sglang/python/sglang/srt/models/nemotron_h.py", line 283, in _forward_core_shared_routed_overlap
    final_hidden_states = self.experts(hidden_states, topk_output)
                          ^^^^^^^^^^^^^^^^^^^^^^^^^^^^^^^^^^^^^^^^
  File "/usr/local/lib/python3.12/dist-packages/torch/nn/modules/module.py", line 1779, in _wrapped_call_impl
    return self._call_impl(*args, **kwargs)
           ^^^^^^^^^^^^^^^^^^^^^^^^^^^^^^^^
  File "/usr/local/lib/python3.12/dist-packages/torch/nn/modules/module.py", line 1790, in _call_impl
    return forward_call(*args, **kwargs)
           ^^^^^^^^^^^^^^^^^^^^^^^^^^^^^
  File "/sgl-workspace/sglang/python/sglang/srt/layers/moe/fused_moe_triton/layer.py", line 1089, in forward
    return self.forward_impl(hidden_states, topk_output)
           ^^^^^^^^^^^^^^^^^^^^^^^^^^^^^^^^^^^^^^^^^^^^^
  File "/sgl-workspace/sglang/python/sglang/srt/layers/moe/fused_moe_triton/layer.py", line 1099, in forward_impl
    combine_input = self.run_moe_core(
                    ^^^^^^^^^^^^^^^^^^
  File "/sgl-workspace/sglang/python/sglang/srt/layers/moe/fused_moe_triton/layer.py", line 1120, in run_moe_core
    return self.quant_method.apply(
           ^^^^^^^^^^^^^^^^^^^^^^^^
  File "/sgl-workspace/sglang/python/sglang/srt/layers/quantization/modelopt_quant.py", line 2412, in apply
    output = cutlass_moe_fp4(
             ^^^^^^^^^^^^^^^^
  File "/sgl-workspace/sglang/python/sglang/srt/layers/moe/cutlass_moe.py", line 428, in cutlass_moe_fp4
    nx2_w1 == params.intermediate_size_per_partition * 2
AssertionError: mismatch in expected `n`

[2026-06-20 07:35:21 TP3] Scheduler hit an exception: Traceback (most recent call last):
  File "/sgl-workspace/sglang/python/sglang/srt/managers/scheduler.py", line 4062, in run_scheduler_process
    scheduler.run_event_loop()
  File "/sgl-workspace/sglang/python/sglang/srt/managers/scheduler.py", line 1418, in run_event_loop
    dispatch_event_loop(self)
  File "/sgl-workspace/sglang/python/sglang/srt/managers/scheduler.py", line 3927, in dispatch_event_loop
    scheduler.event_loop_overlap()
  File "/usr/local/lib/python3.12/dist-packages/torch/utils/_contextlib.py", line 124, in decorate_context
    return func(*args, **kwargs)
           ^^^^^^^^^^^^^^^^^^^^^
  File "/sgl-workspace/sglang/python/sglang/srt/managers/scheduler.py", line 1482, in event_loop_overlap
    batch_result = self.run_batch(batch)
                   ^^^^^^^^^^^^^^^^^^^^^
  File "/sgl-workspace/sglang/python/sglang/srt/managers/scheduler.py", line 3039, in run_batch
    batch_result = self.model_worker.forward_batch_generation(
                   ^^^^^^^^^^^^^^^^^^^^^^^^^^^^^^^^^^^^^^^^^^^
  File "/sgl-workspace/sglang/python/sglang/srt/managers/tp_worker.py", line 472, in forward_batch_generation
    out = self.model_runner.forward(
          ^^^^^^^^^^^^^^^^^^^^^^^^^^
  File "/sgl-workspace/sglang/python/sglang/srt/model_executor/model_runner.py", line 3454, in forward
    output = self._forward_raw(
             ^^^^^^^^^^^^^^^^^^
  File "/sgl-workspace/sglang/python/sglang/srt/model_executor/model_runner.py", line 3584, in _forward_raw
    ret, can_run_graph = self.forward_extend(
                         ^^^^^^^^^^^^^^^^^^^^
  File "/sgl-workspace/sglang/python/sglang/srt/model_executor/model_runner.py", line 3339, in forward_extend
    ret = self.model.forward(
          ^^^^^^^^^^^^^^^^^^^
  File "/usr/local/lib/python3.12/dist-packages/torch/utils/_contextlib.py", line 124, in decorate_context
    return func(*args, **kwargs)
           ^^^^^^^^^^^^^^^^^^^^^
  File "/sgl-workspace/sglang/python/sglang/srt/models/nano_nemotron_vl.py", line 334, in forward
    hidden_states = general_mm_embed_routine(
                    ^^^^^^^^^^^^^^^^^^^^^^^^^
  File "/sgl-workspace/sglang/python/sglang/srt/managers/mm_utils.py", line 1138, in general_mm_embed_routine
    hidden_states = language_model(
                    ^^^^^^^^^^^^^^^
  File "/usr/local/lib/python3.12/dist-packages/torch/nn/modules/module.py", line 1779, in _wrapped_call_impl
    return self._call_impl(*args, **kwargs)
           ^^^^^^^^^^^^^^^^^^^^^^^^^^^^^^^^
  File "/usr/local/lib/python3.12/dist-packages/torch/nn/modules/module.py", line 1790, in _call_impl
    return forward_call(*args, **kwargs)
           ^^^^^^^^^^^^^^^^^^^^^^^^^^^^^
  File "/usr/local/lib/python3.12/dist-packages/torch/utils/_contextlib.py", line 124, in decorate_context
    return func(*args, **kwargs)
           ^^^^^^^^^^^^^^^^^^^^^
  File "/sgl-workspace/sglang/python/sglang/srt/models/nemotron_h.py", line 872, in forward
    hidden_states = self.model.forward(
                    ^^^^^^^^^^^^^^^^^^^
  File "/sgl-workspace/sglang/python/sglang/srt/models/nemotron_h.py", line 651, in forward
    hidden_states, residual = layer.forward(
                              ^^^^^^^^^^^^^^
  File "/sgl-workspace/sglang/python/sglang/srt/models/nemotron_h.py", line 387, in forward
    hidden_states = self.mixer.forward(hidden_states)
                    ^^^^^^^^^^^^^^^^^^^^^^^^^^^^^^^^^
  File "/sgl-workspace/sglang/python/sglang/srt/models/nemotron_h.py", line 292, in forward
    final_hidden_states, shared_output = self._forward_core(hidden_states)
                                         ^^^^^^^^^^^^^^^^^^^^^^^^^^^^^^^^^
  File "/sgl-workspace/sglang/python/sglang/srt/models/nemotron_h.py", line 238, in _forward_core
    return self._forward_core_shared_routed_overlap(hidden_states)
           ^^^^^^^^^^^^^^^^^^^^^^^^^^^^^^^^^^^^^^^^^^^^^^^^^^^^^^^
  File "/sgl-workspace/sglang/python/sglang/srt/models/nemotron_h.py", line 283, in _forward_core_shared_routed_overlap
    final_hidden_states = self.experts(hidden_states, topk_output)
                          ^^^^^^^^^^^^^^^^^^^^^^^^^^^^^^^^^^^^^^^^
  File "/usr/local/lib/python3.12/dist-packages/torch/nn/modules/module.py", line 1779, in _wrapped_call_impl
    return self._call_impl(*args, **kwargs)
           ^^^^^^^^^^^^^^^^^^^^^^^^^^^^^^^^
  File "/usr/local/lib/python3.12/dist-packages/torch/nn/modules/module.py", line 1790, in _call_impl
    return forward_call(*args, **kwargs)
           ^^^^^^^^^^^^^^^^^^^^^^^^^^^^^
  File "/sgl-workspace/sglang/python/sglang/srt/layers/moe/fused_moe_triton/layer.py", line 1089, in forward
    return self.forward_impl(hidden_states, topk_output)
           ^^^^^^^^^^^^^^^^^^^^^^^^^^^^^^^^^^^^^^^^^^^^^
  File "/sgl-workspace/sglang/python/sglang/srt/layers/moe/fused_moe_triton/layer.py", line 1099, in forward_impl
    combine_input = self.run_moe_core(
                    ^^^^^^^^^^^^^^^^^^
  File "/sgl-workspace/sglang/python/sglang/srt/layers/moe/fused_moe_triton/layer.py", line 1120, in run_moe_core
    return self.quant_method.apply(
           ^^^^^^^^^^^^^^^^^^^^^^^^
  File "/sgl-workspace/sglang/python/sglang/srt/layers/quantization/modelopt_quant.py", line 2412, in apply
    output = cutlass_moe_fp4(
             ^^^^^^^^^^^^^^^^
  File "/sgl-workspace/sglang/python/sglang/srt/layers/moe/cutlass_moe.py", line 428, in cutlass_moe_fp4
    nx2_w1 == params.intermediate_size_per_partition * 2
AssertionError: mismatch in expected `n`

[2026-06-20 07:35:21 TP0] Scheduler hit an exception: Traceback (most recent call last):
  File "/sgl-workspace/sglang/python/sglang/srt/managers/scheduler.py", line 4062, in run_scheduler_process
    scheduler.run_event_loop()
  File "/sgl-workspace/sglang/python/sglang/srt/managers/scheduler.py", line 1418, in run_event_loop
    dispatch_event_loop(self)
  File "/sgl-workspace/sglang/python/sglang/srt/managers/scheduler.py", line 3927, in dispatch_event_loop
    scheduler.event_loop_overlap()
  File "/usr/local/lib/python3.12/dist-packages/torch/utils/_contextlib.py", line 124, in decorate_context
    return func(*args, **kwargs)
           ^^^^^^^^^^^^^^^^^^^^^
  File "/sgl-workspace/sglang/python/sglang/srt/managers/scheduler.py", line 1482, in event_loop_overlap
    batch_result = self.run_batch(batch)
                   ^^^^^^^^^^^^^^^^^^^^^
  File "/sgl-workspace/sglang/python/sglang/srt/managers/scheduler.py", line 3039, in run_batch
    batch_result = self.model_worker.forward_batch_generation(
                   ^^^^^^^^^^^^^^^^^^^^^^^^^^^^^^^^^^^^^^^^^^^
  File "/sgl-workspace/sglang/python/sglang/srt/managers/tp_worker.py", line 472, in forward_batch_generation
    out = self.model_runner.forward(
          ^^^^^^^^^^^^^^^^^^^^^^^^^^
  File "/sgl-workspace/sglang/python/sglang/srt/model_executor/model_runner.py", line 3454, in forward
    output = self._forward_raw(
             ^^^^^^^^^^^^^^^^^^
  File "/sgl-workspace/sglang/python/sglang/srt/model_executor/model_runner.py", line 3584, in _forward_raw
    ret, can_run_graph = self.forward_extend(
                         ^^^^^^^^^^^^^^^^^^^^
  File "/sgl-workspace/sglang/python/sglang/srt/model_executor/model_runner.py", line 3339, in forward_extend
    ret = self.model.forward(
          ^^^^^^^^^^^^^^^^^^^
  File "/usr/local/lib/python3.12/dist-packages/torch/utils/_contextlib.py", line 124, in decorate_context
    return func(*args, **kwargs)
           ^^^^^^^^^^^^^^^^^^^^^
  File "/sgl-workspace/sglang/python/sglang/srt/models/nano_nemotron_vl.py", line 334, in forward
    hidden_states = general_mm_embed_routine(
                    ^^^^^^^^^^^^^^^^^^^^^^^^^
  File "/sgl-workspace/sglang/python/sglang/srt/managers/mm_utils.py", line 1138, in general_mm_embed_routine
    hidden_states = language_model(
                    ^^^^^^^^^^^^^^^
  File "/usr/local/lib/python3.12/dist-packages/torch/nn/modules/module.py", line 1779, in _wrapped_call_impl
    return self._call_impl(*args, **kwargs)
           ^^^^^^^^^^^^^^^^^^^^^^^^^^^^^^^^
  File "/usr/local/lib/python3.12/dist-packages/torch/nn/modules/module.py", line 1790, in _call_impl
    return forward_call(*args, **kwargs)
           ^^^^^^^^^^^^^^^^^^^^^^^^^^^^^
  File "/usr/local/lib/python3.12/dist-packages/torch/utils/_contextlib.py", line 124, in decorate_context
    return func(*args, **kwargs)
           ^^^^^^^^^^^^^^^^^^^^^
  File "/sgl-workspace/sglang/python/sglang/srt/models/nemotron_h.py", line 872, in forward
    hidden_states = self.model.forward(
                    ^^^^^^^^^^^^^^^^^^^
  File "/sgl-workspace/sglang/python/sglang/srt/models/nemotron_h.py", line 651, in forward
    hidden_states, residual = layer.forward(
                              ^^^^^^^^^^^^^^
  File "/sgl-workspace/sglang/python/sglang/srt/models/nemotron_h.py", line 387, in forward
    hidden_states = self.mixer.forward(hidden_states)
                    ^^^^^^^^^^^^^^^^^^^^^^^^^^^^^^^^^
  File "/sgl-workspace/sglang/python/sglang/srt/models/nemotron_h.py", line 292, in forward
    final_hidden_states, shared_output = self._forward_core(hidden_states)
                                         ^^^^^^^^^^^^^^^^^^^^^^^^^^^^^^^^^
  File "/sgl-workspace/sglang/python/sglang/srt/models/nemotron_h.py", line 238, in _forward_core
    return self._forward_core_shared_routed_overlap(hidden_states)
           ^^^^^^^^^^^^^^^^^^^^^^^^^^^^^^^^^^^^^^^^^^^^^^^^^^^^^^^
  File "/sgl-workspace/sglang/python/sglang/srt/models/nemotron_h.py", line 283, in _forward_core_shared_routed_overlap
    final_hidden_states = self.experts(hidden_states, topk_output)
                          ^^^^^^^^^^^^^^^^^^^^^^^^^^^^^^^^^^^^^^^^
  File "/usr/local/lib/python3.12/dist-packages/torch/nn/modules/module.py", line 1779, in _wrapped_call_impl
    return self._call_impl(*args, **kwargs)
           ^^^^^^^^^^^^^^^^^^^^^^^^^^^^^^^^
  File "/usr/local/lib/python3.12/dist-packages/torch/nn/modules/module.py", line 1790, in _call_impl
    return forward_call(*args, **kwargs)
           ^^^^^^^^^^^^^^^^^^^^^^^^^^^^^
  File "/sgl-workspace/sglang/python/sglang/srt/layers/moe/fused_moe_triton/layer.py", line 1089, in forward
    return self.forward_impl(hidden_states, topk_output)
           ^^^^^^^^^^^^^^^^^^^^^^^^^^^^^^^^^^^^^^^^^^^^^
  File "/sgl-workspace/sglang/python/sglang/srt/layers/moe/fused_moe_triton/layer.py", line 1099, in forward_impl
    combine_input = self.run_moe_core(
                    ^^^^^^^^^^^^^^^^^^
  File "/sgl-workspace/sglang/python/sglang/srt/layers/moe/fused_moe_triton/layer.py", line 1120, in run_moe_core
    return self.quant_method.apply(
           ^^^^^^^^^^^^^^^^^^^^^^^^
  File "/sgl-workspace/sglang/python/sglang/srt/layers/quantization/modelopt_quant.py", line 2412, in apply
    output = cutlass_moe_fp4(
             ^^^^^^^^^^^^^^^^
  File "/sgl-workspace/sglang/python/sglang/srt/layers/moe/cutlass_moe.py", line 428, in cutlass_moe_fp4
    nx2_w1 == params.intermediate_size_per_partition * 2
AssertionError: mismatch in expected `n`

[rank0]:[W620 07:35:22.100176057 ProcessGroupNCCL.cpp:1575] Warning: WARNING: destroy_process_group() was not called before program exit, which can leak resources. For more info, please see https://pytorch.org/docs/stable/distributed.html#shutdown (function operator())
[2026-06-20 07:35:26] No live scheduler processes found; skipping py-spy and CUDA coredump.
[2026-06-20 07:35:26] kill_process_tree called: parent_pid=7431, include_parent=True, pid=7431

scripts/run_serving_kernel_profile.sh: line 60:  7431 Killed                  "${SERVER_ARGS[@]}" > "${SERVER_LOG}" 2>&1
