server exited early
rt/layers/quantization/compressed_tensors/compressed_tensors.py", line 993, in create_weights
    layer.scheme.create_weights(
  File "/sgl-workspace/sglang/python/sglang/srt/layers/quantization/compressed_tensors/schemes/compressed_tensors_w8a8_fp8_moe.py", line 112, in create_weights
    raise ValueError(
ValueError: The output_size of gate's and up's weight = 64 is not divisible by weight quantization block_n = 128.

[2026-06-19 12:55:54 TP3] Scheduler hit an exception: Traceback (most recent call last):
  File "/sgl-workspace/sglang/python/sglang/srt/managers/scheduler.py", line 3956, in run_scheduler_process
    scheduler = Scheduler(
                ^^^^^^^^^^
  File "/sgl-workspace/sglang/python/sglang/srt/managers/scheduler.py", line 433, in __init__
    self.init_model_worker()
  File "/sgl-workspace/sglang/python/sglang/srt/managers/scheduler.py", line 704, in init_model_worker
    self.init_tp_model_worker()
  File "/sgl-workspace/sglang/python/sglang/srt/managers/scheduler.py", line 659, in init_tp_model_worker
    self.tp_worker = TpModelWorker(**worker_kwargs)
                     ^^^^^^^^^^^^^^^^^^^^^^^^^^^^^^
  File "/sgl-workspace/sglang/python/sglang/srt/managers/tp_worker.py", line 262, in __init__
    self._init_model_runner()
  File "/sgl-workspace/sglang/python/sglang/srt/managers/tp_worker.py", line 347, in _init_model_runner
    self._model_runner = ModelRunner(
                         ^^^^^^^^^^^^
  File "/sgl-workspace/sglang/python/sglang/srt/model_executor/model_runner.py", line 531, in __init__
    self.initialize(pre_model_load_memory)
  File "/sgl-workspace/sglang/python/sglang/srt/model_executor/model_runner.py", line 651, in initialize
    self.load_model()
  File "/sgl-workspace/sglang/python/sglang/srt/model_executor/model_runner.py", line 1444, in load_model
    self.model = self.loader.load_model(
                 ^^^^^^^^^^^^^^^^^^^^^^^
  File "/sgl-workspace/sglang/python/sglang/srt/model_loader/loader.py", line 711, in load_model
    model = _initialize_model(
            ^^^^^^^^^^^^^^^^^^
  File "/sgl-workspace/sglang/python/sglang/srt/model_loader/loader.py", line 290, in _initialize_model
    return model_class(**kwargs)
           ^^^^^^^^^^^^^^^^^^^^^
  File "/sgl-workspace/sglang/python/sglang/srt/models/laguna.py", line 597, in __init__
    self.model = LagunaModel(
                 ^^^^^^^^^^^^
  File "/sgl-workspace/sglang/python/sglang/srt/models/laguna.py", line 523, in __init__
    self.layers, self.start_layer, self.end_layer = make_layers(
                                                    ^^^^^^^^^^^^
  File "/sgl-workspace/sglang/python/sglang/srt/utils/common.py", line 656, in make_layers
    + get_offloader().wrap_modules(
      ^^^^^^^^^^^^^^^^^^^^^^^^^^^^^
  File "/sgl-workspace/sglang/python/sglang/srt/utils/offloader.py", line 36, in wrap_modules
    return list(all_modules_generator)
           ^^^^^^^^^^^^^^^^^^^^^^^^^^^
  File "/sgl-workspace/sglang/python/sglang/srt/utils/common.py", line 658, in <genexpr>
    layer_fn(idx=idx, prefix=add_prefix(idx, prefix))
  File "/sgl-workspace/sglang/python/sglang/srt/models/laguna.py", line 525, in <lambda>
    lambda idx, prefix: decoder_layer_type(
                        ^^^^^^^^^^^^^^^^^^^
  File "/sgl-workspace/sglang/python/sglang/srt/models/laguna.py", line 417, in __init__
    self.mlp = LagunaMoE(
               ^^^^^^^^^^
  File "/sgl-workspace/sglang/python/sglang/srt/models/laguna.py", line 158, in __init__
    self.experts = get_moe_impl_class(quant_config)(
                   ^^^^^^^^^^^^^^^^^^^^^^^^^^^^^^^^^
  File "/sgl-workspace/sglang/python/sglang/srt/layers/moe/fused_moe_triton/layer.py", line 288, in __init__
    self.quant_method.create_weights(
  File "/sgl-workspace/sglang/python/sglang/srt/layers/quantization/compressed_tensors/compressed_tensors.py", line 993, in create_weights
    layer.scheme.create_weights(
  File "/sgl-workspace/sglang/python/sglang/srt/layers/quantization/compressed_tensors/schemes/compressed_tensors_w8a8_fp8_moe.py", line 112, in create_weights
    raise ValueError(
ValueError: The output_size of gate's and up's weight = 64 is not divisible by weight quantization block_n = 128.

[2026-06-19 12:55:54] Received sigquit from a child process. It usually means the child failed.
[2026-06-19 12:55:54 TP7] Scheduler hit an exception: Traceback (most recent call last):
  File "/sgl-workspace/sglang/python/sglang/srt/managers/scheduler.py", line 3956, in run_scheduler_process
    scheduler = Scheduler(
                ^^^^^^^^^^
  File "/sgl-workspace/sglang/python/sglang/srt/managers/scheduler.py", line 433, in __init__
    self.init_model_worker()
  File "/sgl-workspace/sglang/python/sglang/srt/managers/scheduler.py", line 704, in init_model_worker
    self.init_tp_model_worker()
  File "/sgl-workspace/sglang/python/sglang/srt/managers/scheduler.py", line 659, in init_tp_model_worker
    self.tp_worker = TpModelWorker(**worker_kwargs)
                     ^^^^^^^^^^^^^^^^^^^^^^^^^^^^^^
  File "/sgl-workspace/sglang/python/sglang/srt/managers/tp_worker.py", line 262, in __init__
    self._init_model_runner()
  File "/sgl-workspace/sglang/python/sglang/srt/managers/tp_worker.py", line 347, in _init_model_runner
    self._model_runner = ModelRunner(
                         ^^^^^^^^^^^^
  File "/sgl-workspace/sglang/python/sglang/srt/model_executor/model_runner.py", line 531, in __init__
    self.initialize(pre_model_load_memory)
  File "/sgl-workspace/sglang/python/sglang/srt/model_executor/model_runner.py", line 651, in initialize
    self.load_model()
  File "/sgl-workspace/sglang/python/sglang/srt/model_executor/model_runner.py", line 1444, in load_model
    self.model = self.loader.load_model(
                 ^^^^^^^^^^^^^^^^^^^^^^^
  File "/sgl-workspace/sglang/python/sglang/srt/model_loader/loader.py", line 711, in load_model
    model = _initialize_model(
            ^^^^^^^^^^^^^^^^^^
  File "/sgl-workspace/sglang/python/sglang/srt/model_loader/loader.py", line 290, in _initialize_model
    return model_class(**kwargs)
           ^^^^^^^^^^^^^^^^^^^^^
  File "/sgl-workspace/sglang/python/sglang/srt/models/laguna.py", line 597, in __init__
    self.model = LagunaModel(
                 ^^^^^^^^^^^^
  File "/sgl-workspace/sglang/python/sglang/srt/models/laguna.py", line 523, in __init__
    self.layers, self.start_layer, self.end_layer = make_layers(
                                                    ^^^^^^^^^^^^
  File "/sgl-workspace/sglang/python/sglang/srt/utils/common.py", line 656, in make_layers
    + get_offloader().wrap_modules(
      ^^^^^^^^^^^^^^^^^^^^^^^^^^^^^
  File "/sgl-workspace/sglang/python/sglang/srt/utils/offloader.py", line 36, in wrap_modules
    return list(all_modules_generator)
           ^^^^^^^^^^^^^^^^^^^^^^^^^^^
  File "/sgl-workspace/sglang/python/sglang/srt/utils/common.py", line 658, in <genexpr>
    layer_fn(idx=idx, prefix=add_prefix(idx, prefix))
  File "/sgl-workspace/sglang/python/sglang/srt/models/laguna.py", line 525, in <lambda>
    lambda idx, prefix: decoder_layer_type(
                        ^^^^^^^^^^^^^^^^^^^
  File "/sgl-workspace/sglang/python/sglang/srt/models/laguna.py", line 417, in __init__
    self.mlp = LagunaMoE(
               ^^^^^^^^^^
  File "/sgl-workspace/sglang/python/sglang/srt/models/laguna.py", line 158, in __init__
    self.experts = get_moe_impl_class(quant_config)(
                   ^^^^^^^^^^^^^^^^^^^^^^^^^^^^^^^^^
  File "/sgl-workspace/sglang/python/sglang/srt/layers/moe/fused_moe_triton/layer.py", line 288, in __init__
    self.quant_method.create_weights(
  File "/sgl-workspace/sglang/python/sglang/srt/layers/quantization/compressed_tensors/compressed_tensors.py", line 993, in create_weights
    layer.scheme.create_weights(
  File "/sgl-workspace/sglang/python/sglang/srt/layers/quantization/compressed_tensors/schemes/compressed_tensors_w8a8_fp8_moe.py", line 112, in create_weights
    raise ValueError(
ValueError: The output_size of gate's and up's weight = 64 is not divisible by weight quantization block_n = 128.

[2026-06-19 12:55:54] Received sigquit from a child process. It usually means the child failed.
[2026-06-19 12:55:54 TP1] Using CompressedTensorsW8A8Fp8MoE
[2026-06-19 12:55:54] Received sigquit from a child process. It usually means the child failed.
[2026-06-19 12:55:54 TP2] Scheduler hit an exception: Traceback (most recent call last):
  File "/sgl-workspace/sglang/python/sglang/srt/managers/scheduler.py", line 3956, in run_scheduler_process
    scheduler = Scheduler(
                ^^^^^^^^^^
  File "/sgl-workspace/sglang/python/sglang/srt/managers/scheduler.py", line 433, in __init__
    self.init_model_worker()
  File "/sgl-workspace/sglang/python/sglang/srt/managers/scheduler.py", line 704, in init_model_worker
    self.init_tp_model_worker()
  File "/sgl-workspace/sglang/python/sglang/srt/managers/scheduler.py", line 659, in init_tp_model_worker
    self.tp_worker = TpModelWorker(**worker_kwargs)
                     ^^^^^^^^^^^^^^^^^^^^^^^^^^^^^^
  File "/sgl-workspace/sglang/python/sglang/srt/managers/tp_worker.py", line 262, in __init__
    self._init_model_runner()
  File "/sgl-workspace/sglang/python/sglang/srt/managers/tp_worker.py", line 347, in _init_model_runner
    self._model_runner = ModelRunner(
                         ^^^^^^^^^^^^
  File "/sgl-workspace/sglang/python/sglang/srt/model_executor/model_runner.py", line 531, in __init__
    self.initialize(pre_model_load_memory)
  File "/sgl-workspace/sglang/python/sglang/srt/model_executor/model_runner.py", line 651, in initialize
    self.load_model()
  File "/sgl-workspace/sglang/python/sglang/srt/model_executor/model_runner.py", line 1444, in load_model
    self.model = self.loader.load_model(
                 ^^^^^^^^^^^^^^^^^^^^^^^
  File "/sgl-workspace/sglang/python/sglang/srt/model_loader/loader.py", line 711, in load_model
    model = _initialize_model(
            ^^^^^^^^^^^^^^^^^^
  File "/sgl-workspace/sglang/python/sglang/srt/model_loader/loader.py", line 290, in _initialize_model
    return model_class(**kwargs)
           ^^^^^^^^^^^^^^^^^^^^^
  File "/sgl-workspace/sglang/python/sglang/srt/models/laguna.py", line 597, in __init__
    self.model = LagunaModel(
                 ^^^^^^^^^^^^
  File "/sgl-workspace/sglang/python/sglang/srt/models/laguna.py", line 523, in __init__
    self.layers, self.start_layer, self.end_layer = make_layers(
                                                    ^^^^^^^^^^^^
  File "/sgl-workspace/sglang/python/sglang/srt/utils/common.py", line 656, in make_layers
    + get_offloader().wrap_modules(
      ^^^^^^^^^^^^^^^^^^^^^^^^^^^^^
  File "/sgl-workspace/sglang/python/sglang/srt/utils/offloader.py", line 36, in wrap_modules
    return list(all_modules_generator)
           ^^^^^^^^^^^^^^^^^^^^^^^^^^^
  File "/sgl-workspace/sglang/python/sglang/srt/utils/common.py", line 658, in <genexpr>
    layer_fn(idx=idx, prefix=add_prefix(idx, prefix))
  File "/sgl-workspace/sglang/python/sglang/srt/models/laguna.py", line 525, in <lambda>
    lambda idx, prefix: decoder_layer_type(
                        ^^^^^^^^^^^^^^^^^^^
  File "/sgl-workspace/sglang/python/sglang/srt/models/laguna.py", line 417, in __init__
    self.mlp = LagunaMoE(
               ^^^^^^^^^^
  File "/sgl-workspace/sglang/python/sglang/srt/models/laguna.py", line 158, in __init__
    self.experts = get_moe_impl_class(quant_config)(
                   ^^^^^^^^^^^^^^^^^^^^^^^^^^^^^^^^^
  File "/sgl-workspace/sglang/python/sglang/srt/layers/moe/fused_moe_triton/layer.py", line 288, in __init__
    self.quant_method.create_weights(
  File "/sgl-workspace/sglang/python/sglang/srt/layers/quantization/compressed_tensors/compressed_tensors.py", line 993, in create_weights
    layer.scheme.create_weights(
  File "/sgl-workspace/sglang/python/sglang/srt/layers/quantization/compressed_tensors/schemes/compressed_tensors_w8a8_fp8_moe.py", line 112, in create_weights
    raise ValueError(
ValueError: The output_size of gate's and up's weight = 64 is not divisible by weight quantization block_n = 128.

[2026-06-19 12:55:54] Received sigquit from a child process. It usually means the child failed.
[2026-06-19 12:55:54 TP0] Scheduler hit an exception: Traceback (most recent call last):
  File "/sgl-workspace/sglang/python/sglang/srt/managers/scheduler.py", line 3956, in run_scheduler_process
    scheduler = Scheduler(
                ^^^^^^^^^^
  File "/sgl-workspace/sglang/python/sglang/srt/managers/scheduler.py", line 433, in __init__
    self.init_model_worker()
  File "/sgl-workspace/sglang/python/sglang/srt/managers/scheduler.py", line 704, in init_model_worker
    self.init_tp_model_worker()
  File "/sgl-workspace/sglang/python/sglang/srt/managers/scheduler.py", line 659, in init_tp_model_worker
    self.tp_worker = TpModelWorker(**worker_kwargs)
                     ^^^^^^^^^^^^^^^^^^^^^^^^^^^^^^
  File "/sgl-workspace/sglang/python/sglang/srt/managers/tp_worker.py", line 262, in __init__
    self._init_model_runner()
  File "/sgl-workspace/sglang/python/sglang/srt/managers/tp_worker.py", line 347, in _init_model_runner
    self._model_runner = ModelRunner(
                         ^^^^^^^^^^^^
  File "/sgl-workspace/sglang/python/sglang/srt/model_executor/model_runner.py", line 531, in __init__
    self.initialize(pre_model_load_memory)
  File "/sgl-workspace/sglang/python/sglang/srt/model_executor/model_runner.py", line 651, in initialize
    self.load_model()
  File "/sgl-workspace/sglang/python/sglang/srt/model_executor/model_runner.py", line 1444, in load_model
    self.model = self.loader.load_model(
                 ^^^^^^^^^^^^^^^^^^^^^^^
  File "/sgl-workspace/sglang/python/sglang/srt/model_loader/loader.py", line 711, in load_model
    model = _initialize_model(
            ^^^^^^^^^^^^^^^^^^
  File "/sgl-workspace/sglang/python/sglang/srt/model_loader/loader.py", line 290, in _initialize_model
    return model_class(**kwargs)
           ^^^^^^^^^^^^^^^^^^^^^
  File "/sgl-workspace/sglang/python/sglang/srt/models/laguna.py", line 597, in __init__
    self.model = LagunaModel(
                 ^^^^^^^^^^^^
  File "/sgl-workspace/sglang/python/sglang/srt/models/laguna.py", line 523, in __init__
    self.layers, self.start_layer, self.end_layer = make_layers(
                                                    ^^^^^^^^^^^^
  File "/sgl-workspace/sglang/python/sglang/srt/utils/common.py", line 656, in make_layers
    + get_offloader().wrap_modules(
      ^^^^^^^^^^^^^^^^^^^^^^^^^^^^^
  File "/sgl-workspace/sglang/python/sglang/srt/utils/offloader.py", line 36, in wrap_modules
    return list(all_modules_generator)
           ^^^^^^^^^^^^^^^^^^^^^^^^^^^
  File "/sgl-workspace/sglang/python/sglang/srt/utils/common.py", line 658, in <genexpr>
    layer_fn(idx=idx, prefix=add_prefix(idx, prefix))
  File "/sgl-workspace/sglang/python/sglang/srt/models/laguna.py", line 525, in <lambda>
    lambda idx, prefix: decoder_layer_type(
                        ^^^^^^^^^^^^^^^^^^^
  File "/sgl-workspace/sglang/python/sglang/srt/models/laguna.py", line 417, in __init__
    self.mlp = LagunaMoE(
               ^^^^^^^^^^
  File "/sgl-workspace/sglang/python/sglang/srt/models/laguna.py", line 158, in __init__
    self.experts = get_moe_impl_class(quant_config)(
                   ^^^^^^^^^^^^^^^^^^^^^^^^^^^^^^^^^
  File "/sgl-workspace/sglang/python/sglang/srt/layers/moe/fused_moe_triton/layer.py", line 288, in __init__
    self.quant_method.create_weights(
  File "/sgl-workspace/sglang/python/sglang/srt/layers/quantization/compressed_tensors/compressed_tensors.py", line 993, in create_weights
    layer.scheme.create_weights(
  File "/sgl-workspace/sglang/python/sglang/srt/layers/quantization/compressed_tensors/schemes/compressed_tensors_w8a8_fp8_moe.py", line 112, in create_weights
    raise ValueError(
ValueError: The output_size of gate's and up's weight = 64 is not divisible by weight quantization block_n = 128.

[2026-06-19 12:55:54] Received sigquit from a child process. It usually means the child failed.
[2026-06-19 12:55:54 TP1] Scheduler hit an exception: Traceback (most recent call last):
  File "/sgl-workspace/sglang/python/sglang/srt/managers/scheduler.py", line 3956, in run_scheduler_process
    scheduler = Scheduler(
                ^^^^^^^^^^
  File "/sgl-workspace/sglang/python/sglang/srt/managers/scheduler.py", line 433, in __init__
    self.init_model_worker()
  File "/sgl-workspace/sglang/python/sglang/srt/managers/scheduler.py", line 704, in init_model_worker
    self.init_tp_model_worker()
  File "/sgl-workspace/sglang/python/sglang/srt/managers/scheduler.py", line 659, in init_tp_model_worker
    self.tp_worker = TpModelWorker(**worker_kwargs)
                     ^^^^^^^^^^^^^^^^^^^^^^^^^^^^^^
  File "/sgl-workspace/sglang/python/sglang/srt/managers/tp_worker.py", line 262, in __init__
    self._init_model_runner()
  File "/sgl-workspace/sglang/python/sglang/srt/managers/tp_worker.py", line 347, in _init_model_runner
    self._model_runner = ModelRunner(
                         ^^^^^^^^^^^^
  File "/sgl-workspace/sglang/python/sglang/srt/model_executor/model_runner.py", line 531, in __init__
    self.initialize(pre_model_load_memory)
  File "/sgl-workspace/sglang/python/sglang/srt/model_executor/model_runner.py", line 651, in initialize
    self.load_model()
  File "/sgl-workspace/sglang/python/sglang/srt/model_executor/model_runner.py", line 1444, in load_model
    self.model = self.loader.load_model(
                 ^^^^^^^^^^^^^^^^^^^^^^^
  File "/sgl-workspace/sglang/python/sglang/srt/model_loader/loader.py", line 711, in load_model
    model = _initialize_model(
            ^^^^^^^^^^^^^^^^^^
  File "/sgl-workspace/sglang/python/sglang/srt/model_loader/loader.py", line 290, in _initialize_model
    return model_class(**kwargs)
           ^^^^^^^^^^^^^^^^^^^^^
  File "/sgl-workspace/sglang/python/sglang/srt/models/laguna.py", line 597, in __init__
    self.model = LagunaModel(
                 ^^^^^^^^^^^^
  File "/sgl-workspace/sglang/python/sglang/srt/models/laguna.py", line 523, in __init__
    self.layers, self.start_layer, self.end_layer = make_layers(
                                                    ^^^^^^^^^^^^
  File "/sgl-workspace/sglang/python/sglang/srt/utils/common.py", line 656, in make_layers
    + get_offloader().wrap_modules(
      ^^^^^^^^^^^^^^^^^^^^^^^^^^^^^
  File "/sgl-workspace/sglang/python/sglang/srt/utils/offloader.py", line 36, in wrap_modules
    return list(all_modules_generator)
           ^^^^^^^^^^^^^^^^^^^^^^^^^^^
  File "/sgl-workspace/sglang/python/sglang/srt/utils/common.py", line 658, in <genexpr>
    layer_fn(idx=idx, prefix=add_prefix(idx, prefix))
  File "/sgl-workspace/sglang/python/sglang/srt/models/laguna.py", line 525, in <lambda>
    lambda idx, prefix: decoder_layer_type(
                        ^^^^^^^^^^^^^^^^^^^
  File "/sgl-workspace/sglang/python/sglang/srt/models/laguna.py", line 417, in __init__
    self.mlp = LagunaMoE(
               ^^^^^^^^^^
  File "/sgl-workspace/sglang/python/sglang/srt/models/laguna.py", line 158, in __init__
    self.experts = get_moe_impl_class(quant_config)(
                   ^^^^^^^^^^^^^^^^^^^^^^^^^^^^^^^^^
  File "/sgl-workspace/sglang/python/sglang/srt/layers/moe/fused_moe_triton/layer.py", line 288, in __init__
    self.quant_method.create_weights(
  File "/sgl-workspace/sglang/python/sglang/srt/layers/quantization/compressed_tensors/compressed_tensors.py", line 993, in create_weights
    layer.scheme.create_weights(
  File "/sgl-workspace/sglang/python/sglang/srt/layers/quantization/compressed_tensors/schemes/compressed_tensors_w8a8_fp8_moe.py", line 112, in create_weights
    raise ValueError(
ValueError: The output_size of gate's and up's weight = 64 is not divisible by weight quantization block_n = 128.

[2026-06-19 12:55:54] Received sigquit from a child process. It usually means the child failed.

scripts/run_serving_kernel_profile.sh: line 59:  1225 Killed                  "${SERVER_ARGS[@]}" > "${SERVER_LOG}" 2>&1
