server exited early
47157d4658b573f9a695d57658590e9.tokenization_kimi.TikTokenTokenizer'>
Warning: You are sending unauthenticated requests to the HF Hub. Please set a HF_TOKEN to enable higher rate limits and faster downloads.
[2026-06-20 13:57:29 TP0] Warning: You are sending unauthenticated requests to the HF Hub. Please set a HF_TOKEN to enable higher rate limits and faster downloads.
Warning: You are sending unauthenticated requests to the HF Hub. Please set a HF_TOKEN to enable higher rate limits and faster downloads.
[2026-06-20 13:57:29 TP1] Warning: You are sending unauthenticated requests to the HF Hub. Please set a HF_TOKEN to enable higher rate limits and faster downloads.
[2026-06-20 13:57:29 TP0] rope_scaling missing 'factor', defaulting to 1.0. Check model accuracy.
[2026-06-20 13:57:29 TP1] rope_scaling missing 'factor', defaulting to 1.0. Check model accuracy.
[2026-06-20 13:57:30 TP3] Reloaded tiktoken model from /root/.cache/huggingface/hub/models--moonshotai--Kimi-Linear-48B-A3B-Instruct/snapshots/e1df551a447157d4658b573f9a695d57658590e9/tiktoken.model
[2026-06-20 13:57:30 TP3] #words: 163842 - BOS ID: 163584 - EOS ID: 163585
[2026-06-20 13:57:30 TP2] Reloaded tiktoken model from /root/.cache/huggingface/hub/models--moonshotai--Kimi-Linear-48B-A3B-Instruct/snapshots/e1df551a447157d4658b573f9a695d57658590e9/tiktoken.model
[2026-06-20 13:57:30 TP2] #words: 163842 - BOS ID: 163584 - EOS ID: 163585
/sgl-workspace/sglang/python/sglang/srt/utils/hf_transformers/tokenizer.py:422: UserWarning: Using a slow tokenizer. This might cause a significant slowdown. Consider using a fast tokenizer instead.
  warnings.warn(
[2026-06-20 13:57:30 TP3] Applying special tokens cache patch for Kimi tokenizer: <class 'transformers_modules.moonshotai.Kimi_hyphen_Linear_hyphen_48B_hyphen_A3B_hyphen_Instruct.e1df551a447157d4658b573f9a695d57658590e9.tokenization_kimi.TikTokenTokenizer'>
[2026-06-20 13:57:30 TP3] rope_scaling missing 'factor', defaulting to 1.0. Check model accuracy.
/sgl-workspace/sglang/python/sglang/srt/utils/hf_transformers/tokenizer.py:422: UserWarning: Using a slow tokenizer. This might cause a significant slowdown. Consider using a fast tokenizer instead.
  warnings.warn(
[2026-06-20 13:57:30 TP2] Applying special tokens cache patch for Kimi tokenizer: <class 'transformers_modules.moonshotai.Kimi_hyphen_Linear_hyphen_48B_hyphen_A3B_hyphen_Instruct.e1df551a447157d4658b573f9a695d57658590e9.tokenization_kimi.TikTokenTokenizer'>
[2026-06-20 13:57:30 TP2] rope_scaling missing 'factor', defaulting to 1.0. Check model accuracy.
[2026-06-20 13:57:30 TP0] Reloaded tiktoken model from /root/.cache/huggingface/hub/models--moonshotai--Kimi-Linear-48B-A3B-Instruct/snapshots/e1df551a447157d4658b573f9a695d57658590e9/tiktoken.model
[2026-06-20 13:57:30 TP0] #words: 163842 - BOS ID: 163584 - EOS ID: 163585
[2026-06-20 13:57:30 TP1] Reloaded tiktoken model from /root/.cache/huggingface/hub/models--moonshotai--Kimi-Linear-48B-A3B-Instruct/snapshots/e1df551a447157d4658b573f9a695d57658590e9/tiktoken.model
[2026-06-20 13:57:30 TP1] #words: 163842 - BOS ID: 163584 - EOS ID: 163585
[2026-06-20 13:57:30 TP3] Init torch distributed begin.
[2026-06-20 13:57:30 TP2] Init torch distributed begin.
/sgl-workspace/sglang/python/sglang/srt/utils/hf_transformers/tokenizer.py:422: UserWarning: Using a slow tokenizer. This might cause a significant slowdown. Consider using a fast tokenizer instead.
  warnings.warn(
[2026-06-20 13:57:30 TP0] Applying special tokens cache patch for Kimi tokenizer: <class 'transformers_modules.moonshotai.Kimi_hyphen_Linear_hyphen_48B_hyphen_A3B_hyphen_Instruct.e1df551a447157d4658b573f9a695d57658590e9.tokenization_kimi.TikTokenTokenizer'>
[2026-06-20 13:57:30 TP0] rope_scaling missing 'factor', defaulting to 1.0. Check model accuracy.
/sgl-workspace/sglang/python/sglang/srt/utils/hf_transformers/tokenizer.py:422: UserWarning: Using a slow tokenizer. This might cause a significant slowdown. Consider using a fast tokenizer instead.
  warnings.warn(
[2026-06-20 13:57:30 TP1] Applying special tokens cache patch for Kimi tokenizer: <class 'transformers_modules.moonshotai.Kimi_hyphen_Linear_hyphen_48B_hyphen_A3B_hyphen_Instruct.e1df551a447157d4658b573f9a695d57658590e9.tokenization_kimi.TikTokenTokenizer'>
[2026-06-20 13:57:30 TP1] rope_scaling missing 'factor', defaulting to 1.0. Check model accuracy.
[2026-06-20 13:57:30 TP0] Init torch distributed begin.
[2026-06-20 13:57:30 TP1] Init torch distributed begin.
[2026-06-20 13:57:32 TP0] sglang is using nccl==2.28.9
[2026-06-20 13:57:43 TP0] Custom allreduce v2 initialized successfully (rank-check failed: tensor model parallel group is not initialized)
[2026-06-20 13:57:43 TP0] Init torch distributed ends. elapsed=13.02 s, mem usage=1.46 GB
[2026-06-20 13:57:43 TP2] Init torch distributed ends. elapsed=13.20 s, mem usage=1.49 GB
[2026-06-20 13:57:43 TP1] Init torch distributed ends. elapsed=12.96 s, mem usage=1.51 GB
[2026-06-20 13:57:43 TP3] Init torch distributed ends. elapsed=13.20 s, mem usage=1.34 GB
[2026-06-20 13:57:46 TP2] Load weight begin. avail mem=176.24 GB
[2026-06-20 13:57:46 TP1] Load weight begin. avail mem=169.84 GB
[2026-06-20 13:57:46 TP3] Load weight begin. avail mem=176.40 GB
[2026-06-20 13:57:46 TP0] Load weight begin. avail mem=176.28 GB
[2026-06-20 14:01:52 TP0] Found local HF snapshot for moonshotai/Kimi-Linear-48B-A3B-Instruct at /root/.cache/huggingface/hub/models--moonshotai--Kimi-Linear-48B-A3B-Instruct/snapshots/e1df551a447157d4658b573f9a695d57658590e9; skipping download.

Multi-thread loading shards:   0% Completed | 0/20 [00:00<?, ?it/s]
Multi-thread loading shards:   5% Completed | 1/20 [00:04<01:32,  4.88s/it]
Multi-thread loading shards:  10% Completed | 2/20 [00:05<00:43,  2.43s/it]
Multi-thread loading shards:  15% Completed | 3/20 [00:06<00:29,  1.72s/it]
Multi-thread loading shards:  20% Completed | 4/20 [00:07<00:20,  1.27s/it]
Multi-thread loading shards:  25% Completed | 5/20 [00:07<00:15,  1.04s/it]
Multi-thread loading shards:  30% Completed | 6/20 [00:08<00:13,  1.06it/s]
Multi-thread loading shards:  35% Completed | 7/20 [00:08<00:10,  1.24it/s]
Multi-thread loading shards:  40% Completed | 8/20 [00:09<00:09,  1.28it/s]
Multi-thread loading shards:  45% Completed | 9/20 [00:10<00:07,  1.43it/s]
Multi-thread loading shards:  50% Completed | 10/20 [00:10<00:06,  1.55it/s]
Multi-thread loading shards:  55% Completed | 11/20 [00:11<00:05,  1.64it/s]
Multi-thread loading shards:  60% Completed | 12/20 [00:11<00:04,  1.72it/s]
Multi-thread loading shards:  65% Completed | 13/20 [00:12<00:03,  1.76it/s]
Multi-thread loading shards:  70% Completed | 14/20 [00:12<00:03,  1.85it/s]
Multi-thread loading shards:  75% Completed | 15/20 [00:13<00:02,  1.92it/s]
Multi-thread loading shards:  80% Completed | 16/20 [00:13<00:02,  1.98it/s]
Multi-thread loading shards:  85% Completed | 17/20 [00:14<00:01,  2.02it/s]
Multi-thread loading shards:  90% Completed | 18/20 [00:14<00:00,  2.00it/s][2026-06-20 14:02:07 TP3] Load weight end. elapsed=261.27 s, type=KimiLinearForCausalLM, avail mem=153.44 GB, mem usage=22.96 GB.

Multi-thread loading shards:  95% Completed | 19/20 [00:15<00:00,  1.99it/s][2026-06-20 14:02:07 TP2] Load weight end. elapsed=261.51 s, type=KimiLinearForCausalLM, avail mem=153.29 GB, mem usage=22.96 GB.

Multi-thread loading shards: 100% Completed | 20/20 [00:15<00:00,  2.25it/s]
Multi-thread loading shards: 100% Completed | 20/20 [00:15<00:00,  1.29it/s]
[2026-06-20 14:02:07 TP1] Load weight end. elapsed=261.68 s, type=KimiLinearForCausalLM, avail mem=146.88 GB, mem usage=22.96 GB.
[2026-06-20 14:02:07 TP0] Load weight end. elapsed=261.76 s, type=KimiLinearForCausalLM, avail mem=153.32 GB, mem usage=22.96 GB.
[2026-06-20 14:02:07 TP0] Max concurrent requests (per dp worker) from the finalized token capacity: max_num_reqs=4096.
[2026-06-20 14:02:07 TP3] Max concurrent requests (per dp worker) from the finalized token capacity: max_num_reqs=4096.
[2026-06-20 14:02:07 TP2] Max concurrent requests (per dp worker) from the finalized token capacity: max_num_reqs=4096.
[2026-06-20 14:02:07 TP1] Max concurrent requests (per dp worker) from the finalized token capacity: max_num_reqs=4096.
[2026-06-20 14:02:07 TP1] Mamba Cache is allocated. max_mamba_cache_size: 5615, conv_state size: 1.93GB, ssm_state size: 54.84GB 
[2026-06-20 14:02:07 TP3] Mamba Cache is allocated. max_mamba_cache_size: 5615, conv_state size: 1.93GB, ssm_state size: 54.84GB 
[2026-06-20 14:02:07 TP2] Mamba Cache is allocated. max_mamba_cache_size: 5615, conv_state size: 1.93GB, ssm_state size: 54.84GB 
[2026-06-20 14:02:07 TP0] Mamba Cache is allocated. max_mamba_cache_size: 5615, conv_state size: 1.93GB, ssm_state size: 54.84GB 
[2026-06-20 14:02:08 TP0] KV Cache is allocated. dtype: torch.bfloat16, #tokens: 8398327, KV size: 63.07 GB
[2026-06-20 14:02:08 TP3] KV Cache is allocated. dtype: torch.bfloat16, #tokens: 8398327, KV size: 63.07 GB
[2026-06-20 14:02:08 TP0] Memory pool end. avail mem=17.39 GB
[2026-06-20 14:02:08 TP2] KV Cache is allocated. dtype: torch.bfloat16, #tokens: 8398327, KV size: 63.07 GB
[2026-06-20 14:02:08 TP1] KV Cache is allocated. dtype: torch.bfloat16, #tokens: 8398327, KV size: 63.07 GB
[2026-06-20 14:02:08 TP3] Memory pool end. avail mem=17.51 GB
[2026-06-20 14:02:08 TP1] Memory pool end. avail mem=10.95 GB
[2026-06-20 14:02:08 TP2] Memory pool end. avail mem=17.36 GB
[2026-06-20 14:02:08 TP3] Capture cuda graph begin. This can take up to several minutes. avail mem=17.02 GB
[2026-06-20 14:02:08 TP1] Capture cuda graph begin. This can take up to several minutes. avail mem=9.36 GB
[2026-06-20 14:02:08 TP0] Linear attention kernel backend: decode=triton, prefill=triton
[2026-06-20 14:02:08 TP0] KDA kernel dispatcher: decode=TritonKDAKernel, extend=TritonKDAKernel packed_decode=True
[2026-06-20 14:02:08 TP0] Capture cuda graph begin. This can take up to several minutes. avail mem=16.89 GB
[2026-06-20 14:02:08 TP2] Capture cuda graph begin. This can take up to several minutes. avail mem=16.86 GB
[2026-06-20 14:02:08 TP0] Capture cuda graph bs [1, 2, 4, 8, 12, 16, 24, 32, 40, 48, 56, 64, 72, 80, 88, 96, 104, 112, 120, 128, 136, 144, 152, 160, 168, 176, 184, 192, 200, 208, 216, 224, 232, 240, 248, 256, 272, 288, 304, 320, 336, 352, 368, 384, 400, 416, 432, 448, 464, 480, 496, 512]

  0%|          | 0/52 [00:00<?, ?it/s]
Capturing batches (bs=512 avail_mem=14.58 GB):   0%|          | 0/52 [00:00<?, ?it/s][2026-06-20 14:02:26 TP3] Config file not found at /sgl-workspace/sglang/python/sglang/srt/layers/moe/moe_runner/triton_utils/configs/triton_3_6_0/E=256,N=256,device_name=NVIDIA_B200.json. Fallback to triton version 3.4.0 and use MoE kernel config from /sgl-workspace/sglang/python/sglang/srt/layers/moe/moe_runner/triton_utils/configs/triton_3_4_0/E=256,N=256,device_name=NVIDIA_B200.json. Performance might be sub-optimal!
[2026-06-20 14:02:26 TP3] Using MoE kernel config with down_moe=False. Performance might be sub-optimal! Config file not found at /sgl-workspace/sglang/python/sglang/srt/layers/moe/moe_runner/triton_utils/configs/triton_3_6_0/E=256,N=256,device_name=NVIDIA_B200_down.json, you can create them with https://github.com/sgl-project/sglang/tree/main/benchmark/kernels/fused_moe_triton
[2026-06-20 14:02:26 TP0] Config file not found at /sgl-workspace/sglang/python/sglang/srt/layers/moe/moe_runner/triton_utils/configs/triton_3_6_0/E=256,N=256,device_name=NVIDIA_B200.json. Fallback to triton version 3.4.0 and use MoE kernel config from /sgl-workspace/sglang/python/sglang/srt/layers/moe/moe_runner/triton_utils/configs/triton_3_4_0/E=256,N=256,device_name=NVIDIA_B200.json. Performance might be sub-optimal!
[2026-06-20 14:02:26 TP0] Using MoE kernel config with down_moe=False. Performance might be sub-optimal! Config file not found at /sgl-workspace/sglang/python/sglang/srt/layers/moe/moe_runner/triton_utils/configs/triton_3_6_0/E=256,N=256,device_name=NVIDIA_B200_down.json, you can create them with https://github.com/sgl-project/sglang/tree/main/benchmark/kernels/fused_moe_triton
[2026-06-20 14:02:26 TP2] Config file not found at /sgl-workspace/sglang/python/sglang/srt/layers/moe/moe_runner/triton_utils/configs/triton_3_6_0/E=256,N=256,device_name=NVIDIA_B200.json. Fallback to triton version 3.4.0 and use MoE kernel config from /sgl-workspace/sglang/python/sglang/srt/layers/moe/moe_runner/triton_utils/configs/triton_3_4_0/E=256,N=256,device_name=NVIDIA_B200.json. Performance might be sub-optimal!
[2026-06-20 14:02:26 TP2] Using MoE kernel config with down_moe=False. Performance might be sub-optimal! Config file not found at /sgl-workspace/sglang/python/sglang/srt/layers/moe/moe_runner/triton_utils/configs/triton_3_6_0/E=256,N=256,device_name=NVIDIA_B200_down.json, you can create them with https://github.com/sgl-project/sglang/tree/main/benchmark/kernels/fused_moe_triton
[2026-06-20 14:02:26 TP1] Config file not found at /sgl-workspace/sglang/python/sglang/srt/layers/moe/moe_runner/triton_utils/configs/triton_3_6_0/E=256,N=256,device_name=NVIDIA_B200.json. Fallback to triton version 3.4.0 and use MoE kernel config from /sgl-workspace/sglang/python/sglang/srt/layers/moe/moe_runner/triton_utils/configs/triton_3_4_0/E=256,N=256,device_name=NVIDIA_B200.json. Performance might be sub-optimal!
[2026-06-20 14:02:26 TP1] Using MoE kernel config with down_moe=False. Performance might be sub-optimal! Config file not found at /sgl-workspace/sglang/python/sglang/srt/layers/moe/moe_runner/triton_utils/configs/triton_3_6_0/E=256,N=256,device_name=NVIDIA_B200_down.json, you can create them with https://github.com/sgl-project/sglang/tree/main/benchmark/kernels/fused_moe_triton

Capturing batches (bs=512 avail_mem=14.58 GB):   2%|▏         | 1/52 [00:19<16:54, 19.90s/it]
Capturing batches (bs=496 avail_mem=13.99 GB):   2%|▏         | 1/52 [00:19<16:54, 19.90s/it][2026-06-20 14:02:29 TP1] Scheduler hit an exception: Traceback (most recent call last):
  File "/sgl-workspace/sglang/python/sglang/srt/model_executor/cuda_graph_runner.py", line 626, in __init__
    self.capture()
  File "/sgl-workspace/sglang/python/sglang/srt/model_executor/cuda_graph_runner.py", line 786, in capture
    _capture_one_stream()
  File "/sgl-workspace/sglang/python/sglang/srt/model_executor/cuda_graph_runner.py", line 773, in _capture_one_stream
    ) = self.capture_one_batch_size(bs, forward, stream_idx)
        ^^^^^^^^^^^^^^^^^^^^^^^^^^^^^^^^^^^^^^^^^^^^^^^^^^^^
  File "/sgl-workspace/sglang/python/sglang/srt/model_executor/cuda_graph_runner.py", line 1040, in capture_one_batch_size
    run_once()
  File "/sgl-workspace/sglang/python/sglang/srt/model_executor/cuda_graph_runner.py", line 1021, in run_once
    logits_output_or_pp_proxy_tensors = forward(
                                        ^^^^^^^^
  File "/usr/local/lib/python3.12/dist-packages/torch/utils/_contextlib.py", line 124, in decorate_context
    return func(*args, **kwargs)
           ^^^^^^^^^^^^^^^^^^^^^
  File "/sgl-workspace/sglang/python/sglang/srt/models/kimi_linear.py", line 660, in forward
    return self.logits_processor(
           ^^^^^^^^^^^^^^^^^^^^^^
  File "/usr/local/lib/python3.12/dist-packages/torch/nn/modules/module.py", line 1779, in _wrapped_call_impl
    return self._call_impl(*args, **kwargs)
           ^^^^^^^^^^^^^^^^^^^^^^^^^^^^^^^^
  File "/usr/local/lib/python3.12/dist-packages/torch/nn/modules/module.py", line 1790, in _call_impl
    return forward_call(*args, **kwargs)
           ^^^^^^^^^^^^^^^^^^^^^^^^^^^^^
  File "/sgl-workspace/sglang/python/sglang/srt/layers/logits_processor.py", line 371, in forward
    logits = self._get_logits(pruned_states, lm_head, logits_metadata)
             ^^^^^^^^^^^^^^^^^^^^^^^^^^^^^^^^^^^^^^^^^^^^^^^^^^^^^^^^^
  File "/sgl-workspace/sglang/python/sglang/srt/layers/logits_processor.py", line 859, in _get_logits
    logits = tensor_model_parallel_all_gather(logits)
             ^^^^^^^^^^^^^^^^^^^^^^^^^^^^^^^^^^^^^^^^
  File "/sgl-workspace/sglang/python/sglang/srt/distributed/communication_op.py", line 47, in tensor_model_parallel_all_gather
    return get_tp_group().all_gather(input_, dim)
           ^^^^^^^^^^^^^^^^^^^^^^^^^^^^^^^^^^^^^^
  File "/sgl-workspace/sglang/python/sglang/srt/distributed/parallel_state.py", line 993, in all_gather
    output_tensor = output_tensor.reshape(
                    ^^^^^^^^^^^^^^^^^^^^^^
torch.OutOfMemoryError: CUDA out of memory. Tried to allocate 156.00 MiB. GPU 1 has a total capacity of 178.35 GiB of which 34.50 MiB is free. Including non-PyTorch memory, this process has 164.52 GiB memory in use. Of the allocated memory 162.24 GiB is allocated by PyTorch, with 424.00 MiB allocated in private pools (e.g., CUDA Graphs), and 133.95 MiB is reserved by PyTorch but unallocated. If reserved but unallocated memory is large try setting PYTORCH_CUDA_ALLOC_CONF=expandable_segments:True to avoid fragmentation.  See documentation for Memory Management  (https://docs.pytorch.org/docs/stable/notes/cuda.html#optimizing-memory-usage-with-pytorch-cuda-alloc-conf)

During handling of the above exception, another exception occurred:

Traceback (most recent call last):
  File "/sgl-workspace/sglang/python/sglang/srt/managers/scheduler.py", line 4046, in run_scheduler_process
    scheduler = Scheduler(
                ^^^^^^^^^^
  File "/sgl-workspace/sglang/python/sglang/srt/managers/scheduler.py", line 427, in __init__
    self.init_model_worker()
  File "/sgl-workspace/sglang/python/sglang/srt/managers/scheduler.py", line 817, in init_model_worker
    self.init_tp_model_worker()
  File "/sgl-workspace/sglang/python/sglang/srt/managers/scheduler.py", line 772, in init_tp_model_worker
    self.tp_worker = TpModelWorker(**worker_kwargs)
                     ^^^^^^^^^^^^^^^^^^^^^^^^^^^^^^
  File "/sgl-workspace/sglang/python/sglang/srt/managers/tp_worker.py", line 262, in __init__
    self._init_model_runner()
  File "/sgl-workspace/sglang/python/sglang/srt/managers/tp_worker.py", line 347, in _init_model_runner
    self._model_runner = ModelRunner(
                         ^^^^^^^^^^^^
  File "/sgl-workspace/sglang/python/sglang/srt/model_executor/model_runner.py", line 571, in __init__
    self.initialize(pre_model_load_memory)
  File "/sgl-workspace/sglang/python/sglang/srt/model_executor/model_runner.py", line 834, in initialize
    self.init_device_graphs()
  File "/sgl-workspace/sglang/python/sglang/srt/model_executor/model_runner.py", line 2908, in init_device_graphs
    self.graph_runner = graph_runners[self.device](self)
                        ^^^^^^^^^^^^^^^^^^^^^^^^^^^^^^^^
  File "/sgl-workspace/sglang/python/sglang/srt/model_executor/cuda_graph_runner.py", line 628, in __init__
    raise Exception(
Exception: Capture cuda graph failed: CUDA out of memory. Tried to allocate 156.00 MiB. GPU 1 has a total capacity of 178.35 GiB of which 34.50 MiB is free. Including non-PyTorch memory, this process has 164.52 GiB memory in use. Of the allocated memory 162.24 GiB is allocated by PyTorch, with 424.00 MiB allocated in private pools (e.g., CUDA Graphs), and 133.95 MiB is reserved by PyTorch but unallocated. If reserved but unallocated memory is large try setting PYTORCH_CUDA_ALLOC_CONF=expandable_segments:True to avoid fragmentation.  See documentation for Memory Management  (https://docs.pytorch.org/docs/stable/notes/cuda.html#optimizing-memory-usage-with-pytorch-cuda-alloc-conf)
Possible solutions:
1. set --mem-fraction-static to a smaller value (e.g., 0.8 or 0.7)
2. set --cuda-graph-max-bs to a smaller value (e.g., 16)
3. disable torch compile by not using --enable-torch-compile
4. disable CUDA graph by --disable-cuda-graph. (Not recommended. Huge performance loss)
Open an issue on GitHub https://github.com/sgl-project/sglang/issues/new/choose 


[2026-06-20 14:02:29] Received sigquit from a child process. It usually means the child failed.
[2026-06-20 14:02:29] kill_process_tree called: parent_pid=1134, include_parent=True, pid=1134

scripts/run_serving_kernel_profile.sh: line 60:  1134 Killed                  "${SERVER_ARGS[@]}" > "${SERVER_LOG}" 2>&1
